Archive member included to satisfy reference by file (symbol)

c:/st/stm32cubeide_1.10.1/stm32cubeide/plugins/com.st.stm32cube.ide.mcu.externaltools.gnu-arm-embedded.10.3-2021.10.win32_1.0.0.202111181915/tools/bin/../lib/gcc/arm-none-eabi/10.3.1/../../../../arm-none-eabi/lib/thumb/v7e-m+fp/hard\libc_nano.a(lib_a-atoi.o)
                              ./Core/Src/mongoose.o (atoi)
c:/st/stm32cubeide_1.10.1/stm32cubeide/plugins/com.st.stm32cube.ide.mcu.externaltools.gnu-arm-embedded.10.3-2021.10.win32_1.0.0.202111181915/tools/bin/../lib/gcc/arm-none-eabi/10.3.1/../../../../arm-none-eabi/lib/thumb/v7e-m+fp/hard\libc_nano.a(lib_a-calloc.o)
                              ./Core/Src/mongoose.o (calloc)
c:/st/stm32cubeide_1.10.1/stm32cubeide/plugins/com.st.stm32cube.ide.mcu.externaltools.gnu-arm-embedded.10.3-2021.10.win32_1.0.0.202111181915/tools/bin/../lib/gcc/arm-none-eabi/10.3.1/../../../../arm-none-eabi/lib/thumb/v7e-m+fp/hard\libc_nano.a(lib_a-errno.o)
                              ./Core/Src/mongoose.o (__errno)
c:/st/stm32cubeide_1.10.1/stm32cubeide/plugins/com.st.stm32cube.ide.mcu.externaltools.gnu-arm-embedded.10.3-2021.10.win32_1.0.0.202111181915/tools/bin/../lib/gcc/arm-none-eabi/10.3.1/../../../../arm-none-eabi/lib/thumb/v7e-m+fp/hard\libc_nano.a(lib_a-exit.o)
                              c:/st/stm32cubeide_1.10.1/stm32cubeide/plugins/com.st.stm32cube.ide.mcu.externaltools.gnu-arm-embedded.10.3-2021.10.win32_1.0.0.202111181915/tools/bin/../lib/gcc/arm-none-eabi/10.3.1/../../../../arm-none-eabi/lib/thumb/v7e-m+fp/hard/crt0.o (exit)
c:/st/stm32cubeide_1.10.1/stm32cubeide/plugins/com.st.stm32cube.ide.mcu.externaltools.gnu-arm-embedded.10.3-2021.10.win32_1.0.0.202111181915/tools/bin/../lib/gcc/arm-none-eabi/10.3.1/../../../../arm-none-eabi/lib/thumb/v7e-m+fp/hard\libc_nano.a(lib_a-impure.o)
                              c:/st/stm32cubeide_1.10.1/stm32cubeide/plugins/com.st.stm32cube.ide.mcu.externaltools.gnu-arm-embedded.10.3-2021.10.win32_1.0.0.202111181915/tools/bin/../lib/gcc/arm-none-eabi/10.3.1/../../../../arm-none-eabi/lib/thumb/v7e-m+fp/hard\libc_nano.a(lib_a-exit.o) (_global_impure_ptr)
c:/st/stm32cubeide_1.10.1/stm32cubeide/plugins/com.st.stm32cube.ide.mcu.externaltools.gnu-arm-embedded.10.3-2021.10.win32_1.0.0.202111181915/tools/bin/../lib/gcc/arm-none-eabi/10.3.1/../../../../arm-none-eabi/lib/thumb/v7e-m+fp/hard\libc_nano.a(lib_a-init.o)
                              c:/st/stm32cubeide_1.10.1/stm32cubeide/plugins/com.st.stm32cube.ide.mcu.externaltools.gnu-arm-embedded.10.3-2021.10.win32_1.0.0.202111181915/tools/bin/../lib/gcc/arm-none-eabi/10.3.1/../../../../arm-none-eabi/lib/thumb/v7e-m+fp/hard/crt0.o (__libc_init_array)
c:/st/stm32cubeide_1.10.1/stm32cubeide/plugins/com.st.stm32cube.ide.mcu.externaltools.gnu-arm-embedded.10.3-2021.10.win32_1.0.0.202111181915/tools/bin/../lib/gcc/arm-none-eabi/10.3.1/../../../../arm-none-eabi/lib/thumb/v7e-m+fp/hard\libc_nano.a(lib_a-malloc.o)
                              ./Core/Src/mongoose.o (free)
c:/st/stm32cubeide_1.10.1/stm32cubeide/plugins/com.st.stm32cube.ide.mcu.externaltools.gnu-arm-embedded.10.3-2021.10.win32_1.0.0.202111181915/tools/bin/../lib/gcc/arm-none-eabi/10.3.1/../../../../arm-none-eabi/lib/thumb/v7e-m+fp/hard\libc_nano.a(lib_a-memchr.o)
                              ./Core/Src/mongoose.o (memchr)
c:/st/stm32cubeide_1.10.1/stm32cubeide/plugins/com.st.stm32cube.ide.mcu.externaltools.gnu-arm-embedded.10.3-2021.10.win32_1.0.0.202111181915/tools/bin/../lib/gcc/arm-none-eabi/10.3.1/../../../../arm-none-eabi/lib/thumb/v7e-m+fp/hard\libc_nano.a(lib_a-memcmp.o)
                              ./Core/Src/mongoose.o (memcmp)
c:/st/stm32cubeide_1.10.1/stm32cubeide/plugins/com.st.stm32cube.ide.mcu.externaltools.gnu-arm-embedded.10.3-2021.10.win32_1.0.0.202111181915/tools/bin/../lib/gcc/arm-none-eabi/10.3.1/../../../../arm-none-eabi/lib/thumb/v7e-m+fp/hard\libc_nano.a(lib_a-memcpy-stub.o)
                              ./Core/Src/mongoose.o (memcpy)
c:/st/stm32cubeide_1.10.1/stm32cubeide/plugins/com.st.stm32cube.ide.mcu.externaltools.gnu-arm-embedded.10.3-2021.10.win32_1.0.0.202111181915/tools/bin/../lib/gcc/arm-none-eabi/10.3.1/../../../../arm-none-eabi/lib/thumb/v7e-m+fp/hard\libc_nano.a(lib_a-memmove.o)
                              ./Core/Src/mongoose.o (memmove)
c:/st/stm32cubeide_1.10.1/stm32cubeide/plugins/com.st.stm32cube.ide.mcu.externaltools.gnu-arm-embedded.10.3-2021.10.win32_1.0.0.202111181915/tools/bin/../lib/gcc/arm-none-eabi/10.3.1/../../../../arm-none-eabi/lib/thumb/v7e-m+fp/hard\libc_nano.a(lib_a-memset.o)
                              c:/st/stm32cubeide_1.10.1/stm32cubeide/plugins/com.st.stm32cube.ide.mcu.externaltools.gnu-arm-embedded.10.3-2021.10.win32_1.0.0.202111181915/tools/bin/../lib/gcc/arm-none-eabi/10.3.1/../../../../arm-none-eabi/lib/thumb/v7e-m+fp/hard/crt0.o (memset)
[...]
Memory Configuration

Name             Origin             Length             Attributes
RAM              0x20000000         0x00050000         xrw
FLASH            0x08000000         0x00100000         xr
*default*        0x00000000         0xffffffff

Linker script and memory map

LOAD c:/st/stm32cubeide_1.10.1/stm32cubeide/plugins/com.st.stm32cube.ide.mcu.externaltools.gnu-arm-embedded.10.3-2021.10.win32_1.0.0.202111181915/tools/bin/../lib/gcc/arm-none-eabi/10.3.1/thumb/v7e-m+fp/hard/crti.o
LOAD c:/st/stm32cubeide_1.10.1/stm32cubeide/plugins/com.st.stm32cube.ide.mcu.externaltools.gnu-arm-embedded.10.3-2021.10.win32_1.0.0.202111181915/tools/bin/../lib/gcc/arm-none-eabi/10.3.1/thumb/v7e-m+fp/hard/crtbegin.o
LOAD c:/st/stm32cubeide_1.10.1/stm32cubeide/plugins/com.st.stm32cube.ide.mcu.externaltools.gnu-arm-embedded.10.3-2021.10.win32_1.0.0.202111181915/tools/bin/../lib/gcc/arm-none-eabi/10.3.1/../../../../arm-none-eabi/lib/thumb/v7e-m+fp/hard/crt0.o
LOAD ./Core/Src/main.o
LOAD ./Core/Src/mongoose.o
LOAD ./Core/Src/net.o
LOAD ./Core/Src/packed_fs.o
LOAD ./Core/Src/stm32f7xx_hal_msp.o
LOAD ./Core/Src/stm32f7xx_hal_timebase_tim.o
LOAD ./Core/Src/stm32f7xx_it.o
LOAD ./Core/Src/syscalls.o
LOAD ./Core/Src/sysmem.o
LOAD ./Core/Src/system_stm32f7xx.o
LOAD ./Core/Startup/startup_stm32f746zgtx.o
LOAD ./Drivers/STM32F7xx_HAL_Driver/Src/stm32f7xx_hal.o
LOAD ./Drivers/STM32F7xx_HAL_Driver/Src/stm32f7xx_hal_cortex.o
LOAD ./Drivers/STM32F7xx_HAL_Driver/Src/stm32f7xx_hal_dma.o
LOAD ./Drivers/STM32F7xx_HAL_Driver/Src/stm32f7xx_hal_dma_ex.o
LOAD ./Drivers/STM32F7xx_HAL_Driver/Src/stm32f7xx_hal_eth.o
LOAD ./Drivers/STM32F7xx_HAL_Driver/Src/stm32f7xx_hal_exti.o
LOAD ./Drivers/STM32F7xx_HAL_Driver/Src/stm32f7xx_hal_flash.o
LOAD ./Drivers/STM32F7xx_HAL_Driver/Src/stm32f7xx_hal_flash_ex.o
LOAD ./Drivers/STM32F7xx_HAL_Driver/Src/stm32f7xx_hal_gpio.o
LOAD ./Drivers/STM32F7xx_HAL_Driver/Src/stm32f7xx_hal_i2c.o
LOAD ./Drivers/STM32F7xx_HAL_Driver/Src/stm32f7xx_hal_i2c_ex.o
LOAD ./Drivers/STM32F7xx_HAL_Driver/Src/stm32f7xx_hal_pwr.o
LOAD ./Drivers/STM32F7xx_HAL_Driver/Src/stm32f7xx_hal_pwr_ex.o
LOAD ./Drivers/STM32F7xx_HAL_Driver/Src/stm32f7xx_hal_rcc.o
LOAD ./Drivers/STM32F7xx_HAL_Driver/Src/stm32f7xx_hal_rcc_ex.o
LOAD ./Drivers/STM32F7xx_HAL_Driver/Src/stm32f7xx_hal_tim.o
LOAD ./Drivers/STM32F7xx_HAL_Driver/Src/stm32f7xx_hal_tim_ex.o
LOAD ./Drivers/STM32F7xx_HAL_Driver/Src/stm32f7xx_hal_uart.o
LOAD ./Drivers/STM32F7xx_HAL_Driver/Src/stm32f7xx_hal_uart_ex.o
START GROUP
LOAD c:/st/stm32cubeide_1.10.1/stm32cubeide/plugins/com.st.stm32cube.ide.mcu.externaltools.gnu-arm-embedded.10.3-2021.10.win32_1.0.0.202111181915/tools/bin/../lib/gcc/arm-none-eabi/10.3.1/../../../../arm-none-eabi/lib/thumb/v7e-m+fp/hard\libc_nano.a
LOAD c:/st/stm32cubeide_1.10.1/stm32cubeide/plugins/com.st.stm32cube.ide.mcu.externaltools.gnu-arm-embedded.10.3-2021.10.win32_1.0.0.202111181915/tools/bin/../lib/gcc/arm-none-eabi/10.3.1/../../../../arm-none-eabi/lib/thumb/v7e-m+fp/hard\libm.a
END GROUP
START GROUP
LOAD c:/st/stm32cubeide_1.10.1/stm32cubeide/plugins/com.st.stm32cube.ide.mcu.externaltools.gnu-arm-embedded.10.3-2021.10.win32_1.0.0.202111181915/tools/bin/../lib/gcc/arm-none-eabi/10.3.1/thumb/v7e-m+fp/hard\libgcc.a
LOAD c:/st/stm32cubeide_1.10.1/stm32cubeide/plugins/com.st.stm32cube.ide.mcu.externaltools.gnu-arm-embedded.10.3-2021.10.win32_1.0.0.202111181915/tools/bin/../lib/gcc/arm-none-eabi/10.3.1/../../../../arm-none-eabi/lib/thumb/v7e-m+fp/hard\libc_nano.a
END GROUP
START GROUP
LOAD c:/st/stm32cubeide_1.10.1/stm32cubeide/plugins/com.st.stm32cube.ide.mcu.externaltools.gnu-arm-embedded.10.3-2021.10.win32_1.0.0.202111181915/tools/bin/../lib/gcc/arm-none-eabi/10.3.1/thumb/v7e-m+fp/hard\libgcc.a
LOAD c:/st/stm32cubeide_1.10.1/stm32cubeide/plugins/com.st.stm32cube.ide.mcu.externaltools.gnu-arm-embedded.10.3-2021.10.win32_1.0.0.202111181915/tools/bin/../lib/gcc/arm-none-eabi/10.3.1/../../../../arm-none-eabi/lib/thumb/v7e-m+fp/hard\libc_nano.a
LOAD c:/st/stm32cubeide_1.10.1/stm32cubeide/plugins/com.st.stm32cube.ide.mcu.externaltools.gnu-arm-embedded.10.3-2021.10.win32_1.0.0.202111181915/tools/bin/../lib/gcc/arm-none-eabi/10.3.1/../../../../arm-none-eabi/lib/thumb/v7e-m+fp/hard\libnosys.a
END GROUP
START GROUP
LOAD c:/st/stm32cubeide_1.10.1/stm32cubeide/plugins/com.st.stm32cube.ide.mcu.externaltools.gnu-arm-embedded.10.3-2021.10.win32_1.0.0.202111181915/tools/bin/../lib/gcc/arm-none-eabi/10.3.1/thumb/v7e-m+fp/hard\libgcc.a
LOAD c:/st/stm32cubeide_1.10.1/stm32cubeide/plugins/com.st.stm32cube.ide.mcu.externaltools.gnu-arm-embedded.10.3-2021.10.win32_1.0.0.202111181915/tools/bin/../lib/gcc/arm-none-eabi/10.3.1/../../../../arm-none-eabi/lib/thumb/v7e-m+fp/hard\libc_nano.a
LOAD c:/st/stm32cubeide_1.10.1/stm32cubeide/plugins/com.st.stm32cube.ide.mcu.externaltools.gnu-arm-embedded.10.3-2021.10.win32_1.0.0.202111181915/tools/bin/../lib/gcc/arm-none-eabi/10.3.1/../../../../arm-none-eabi/lib/thumb/v7e-m+fp/hard\libnosys.a
END GROUP
LOAD c:/st/stm32cubeide_1.10.1/stm32cubeide/plugins/com.st.stm32cube.ide.mcu.externaltools.gnu-arm-embedded.10.3-2021.10.win32_1.0.0.202111181915/tools/bin/../lib/gcc/arm-none-eabi/10.3.1/thumb/v7e-m+fp/hard/crtend.o
LOAD c:/st/stm32cubeide_1.10.1/stm32cubeide/plugins/com.st.stm32cube.ide.mcu.externaltools.gnu-arm-embedded.10.3-2021.10.win32_1.0.0.202111181915/tools/bin/../lib/gcc/arm-none-eabi/10.3.1/thumb/v7e-m+fp/hard/crtn.o
                0x20050000                _estack = (ORIGIN (RAM) + LENGTH (RAM))
                0x00000200                _Min_Heap_Size = 0x200
                0x00000400                _Min_Stack_Size = 0x400

.isr_vector     0x08000000      0x1c8
                0x08000000                . = ALIGN (0x4)
 *(.isr_vector)
 .isr_vector    0x08000000      0x1c8 ./Core/Startup/startup_stm32f746zgtx.o
                0x08000000                g_pfnVectors
                0x080001c8                . = ALIGN (0x4)

.text           0x080001d0    0x13924
                0x080001d0                . = ALIGN (0x4)
 *(.text)
 .text          0x080001d0       0x40 c:/st/stm32cubeide_1.10.1/stm32cubeide/plugins/com.st.stm32cube.ide.mcu.externaltools.gnu-arm-embedded.10.3-2021.10.win32_1.0.0.202111181915/tools/bin/../lib/gcc/arm-none-eabi/10.3.1/thumb/v7e-m+fp/hard/crtbegin.o
 .text          0x08000210       0xa0 c:/st/stm32cubeide_1.10.1/stm32cubeide/plugins/com.st.stm32cube.ide.mcu.externaltools.gnu-arm-embedded.10.3-2021.10.win32_1.0.0.202111181915/tools/bin/../lib/gcc/arm-none-eabi/10.3.1/../../../../arm-none-eabi/lib/thumb/v7e-m+fp/hard\libc_nano.a(lib_a-memchr.o)
                0x08000210                memchr
 .text          0x080002b0       0x14 c:/st/stm32cubeide_1.10.1/stm32cubeide/plugins/com.st.stm32cube.ide.mcu.externaltools.gnu-arm-embedded.10.3-2021.10.win32_1.0.0.202111181915/tools/bin/../lib/gcc/arm-none-eabi/10.3.1/../../../../arm-none-eabi/lib/thumb/v7e-m+fp/hard\libc_nano.a(lib_a-strcmp.o)
                0x080002b0                strcmp
 .text          0x080002c4       0x10 c:/st/stm32cubeide_1.10.1/stm32cubeide/plugins/com.st.stm32cube.ide.mcu.externaltools.gnu-arm-embedded.10.3-2021.10.win32_1.0.0.202111181915/tools/bin/../lib/gcc/arm-none-eabi/10.3.1/../../../../arm-none-eabi/lib/thumb/v7e-m+fp/hard\libc_nano.a(lib_a-strlen.o)
                0x080002c4                strlen
 .text          0x080002d4      0x378 c:/st/stm32cubeide_1.10.1/stm32cubeide/plugins/com.st.stm32cube.ide.mcu.externaltools.gnu-arm-embedded.10.3-2021.10.win32_1.0.0.202111181915/tools/bin/../lib/gcc/arm-none-eabi/10.3.1/thumb/v7e-m+fp/hard\libgcc.a(_arm_addsubdf3.o)
                0x080002d4                __aeabi_drsub
                0x080002dc                __aeabi_dsub
                0x080002dc                __subdf3
                0x080002e0                __aeabi_dadd
                0x080002e0                __adddf3
                0x08000558                __floatunsidf
                0x08000558                __aeabi_ui2d
                0x08000578                __floatsidf
                0x08000578                __aeabi_i2d
                0x0800059c                __aeabi_f2d
                0x0800059c                __extendsfdf2
                0x080005e0                __floatundidf
                0x080005e0                __aeabi_ul2d
                0x080005f0                __floatdidf
                0x080005f0                __aeabi_l2d
 .text          0x0800064c      0x424 c:/st/stm32cubeide_1.10.1/stm32cubeide/plugins/com.st.stm32cube.ide.mcu.externaltools.gnu-arm-embedded.10.3-2021.10.win32_1.0.0.202111181915/tools/bin/../lib/gcc/arm-none-eabi/10.3.1/thumb/v7e-m+fp/hard\libgcc.a(_arm_muldivdf3.o)
                0x0800064c                __aeabi_dmul
                0x0800064c                __muldf3
                0x080008a0                __divdf3
                0x080008a0                __aeabi_ddiv
 .text          0x08000a70      0x110 c:/st/stm32cubeide_1.10.1/stm32cubeide/plugins/com.st.stm32cube.ide.mcu.externaltools.gnu-arm-embedded.10.3-2021.10.win32_1.0.0.202111181915/tools/bin/../lib/gcc/arm-none-eabi/10.3.1/thumb/v7e-m+fp/hard\libgcc.a(_arm_cmpdf2.o)
                0x08000a70                __gtdf2
                0x08000a70                __gedf2
                0x08000a78                __ltdf2
                0x08000a78                __ledf2
                0x08000a80                __nedf2
                0x08000a80                __eqdf2
                0x08000a80                __cmpdf2
                0x08000afc                __aeabi_cdrcmple
                0x08000b0c                __aeabi_cdcmpeq
                0x08000b0c                __aeabi_cdcmple
                0x08000b1c                __aeabi_dcmpeq
                0x08000b30                __aeabi_dcmplt
                0x08000b44                __aeabi_dcmple
                0x08000b58                __aeabi_dcmpge
                0x08000b6c                __aeabi_dcmpgt
 .text          0x08000b80       0x50 c:/st/stm32cubeide_1.10.1/stm32cubeide/plugins/com.st.stm32cube.ide.mcu.externaltools.gnu-arm-embedded.10.3-2021.10.win32_1.0.0.202111181915/tools/bin/../lib/gcc/arm-none-eabi/10.3.1/thumb/v7e-m+fp/hard\libgcc.a(_arm_fixdfsi.o)
                0x08000b80                __aeabi_d2iz
                0x08000b80                __fixdfsi
 .text          0x08000bd0       0x40 c:/st/stm32cubeide_1.10.1/stm32cubeide/plugins/com.st.stm32cube.ide.mcu.externaltools.gnu-arm-embedded.10.3-2021.10.win32_1.0.0.202111181915/tools/bin/../lib/gcc/arm-none-eabi/10.3.1/thumb/v7e-m+fp/hard\libgcc.a(_arm_fixunsdfsi.o)
                0x08000bd0                __aeabi_d2uiz
                0x08000bd0                __fixunsdfsi
 .text          0x08000c10       0xa0 c:/st/stm32cubeide_1.10.1/stm32cubeide/plugins/com.st.stm32cube.ide.mcu.externaltools.gnu-arm-embedded.10.3-2021.10.win32_1.0.0.202111181915/tools/bin/../lib/gcc/arm-none-eabi/10.3.1/thumb/v7e-m+fp/hard\libgcc.a(_aeabi_ldivmod.o)
                0x08000c10                __aeabi_ldivmod
 .text          0x08000cb0       0x30 c:/st/stm32cubeide_1.10.1/stm32cubeide/plugins/com.st.stm32cube.ide.mcu.externaltools.gnu-arm-embedded.10.3-2021.10.win32_1.0.0.202111181915/tools/bin/../lib/gcc/arm-none-eabi/10.3.1/thumb/v7e-m+fp/hard\libgcc.a(_aeabi_uldivmod.o)
                0x08000cb0                __aeabi_uldivmod
 .text          0x08000ce0       0x30 c:/st/stm32cubeide_1.10.1/stm32cubeide/plugins/com.st.stm32cube.ide.mcu.externaltools.gnu-arm-embedded.10.3-2021.10.win32_1.0.0.202111181915/tools/bin/../lib/gcc/arm-none-eabi/10.3.1/thumb/v7e-m+fp/hard\libgcc.a(_fixdfdi.o)
                0x08000ce0                __fixdfdi
                0x08000ce0                __aeabi_d2lz
 .text          0x08000d10       0x3c c:/st/stm32cubeide_1.10.1/stm32cubeide/plugins/com.st.stm32cube.ide.mcu.externaltools.gnu-arm-embedded.10.3-2021.10.win32_1.0.0.202111181915/tools/bin/../lib/gcc/arm-none-eabi/10.3.1/thumb/v7e-m+fp/hard\libgcc.a(_fixunsdfdi.o)
                0x08000d10                __fixunsdfdi
                0x08000d10                __aeabi_d2ulz
 .text          0x08000d4c      0x2d0 c:/st/stm32cubeide_1.10.1/stm32cubeide/plugins/com.st.stm32cube.ide.mcu.externaltools.gnu-arm-embedded.10.3-2021.10.win32_1.0.0.202111181915/tools/bin/../lib/gcc/arm-none-eabi/10.3.1/thumb/v7e-m+fp/hard\libgcc.a(_udivmoddi4.o)
                0x08000d4c                __udivmoddi4
 .text          0x0800101c        0x4 c:/st/stm32cubeide_1.10.1/stm32cubeide/plugins/com.st.stm32cube.ide.mcu.externaltools.gnu-arm-embedded.10.3-2021.10.win32_1.0.0.202111181915/tools/bin/../lib/gcc/arm-none-eabi/10.3.1/thumb/v7e-m+fp/hard\libgcc.a(_dvmd_tls.o)
                0x0800101c                __aeabi_idiv0
                0x0800101c                __aeabi_ldiv0
 *(.text*)
 .text.mg_millis
                0x08001020       0x1a ./Core/Src/main.o
                0x08001020                mg_millis
 *fill*         0x0800103a        0x2 
 .text.main     0x0800103c       0x74 ./Core/Src/main.o
                0x0800103c                main
 .text.SystemClock_Config
                0x080010b0       0xd8 ./Core/Src/main.o
                0x080010b0                SystemClock_Config
 .text.MX_ETH_Init
                0x08001188       0x9c ./Core/Src/main.o
 .text.MX_USART3_UART_Init
                0x08001224       0x60 ./Core/Src/main.o
 .text.MX_GPIO_Init
                0x08001284       0xc4 ./Core/Src/main.o
 .text.HAL_TIM_PeriodElapsedCallback
                0x08001348       0x24 ./Core/Src/main.o
                0x08001348                HAL_TIM_PeriodElapsedCallback
 .text.Error_Handler
                0x0800136c        0xa ./Core/Src/main.o
                0x0800136c                Error_Handler
 .text.mg_b64idx
                0x08001376       0x44 ./Core/Src/mongoose.o
 .text.mg_b64rev
                0x080013ba       0x6c ./Core/Src/mongoose.o
 *fill*         0x08001426        0x2 
 .text.mg_base64_update
                0x08001428      0x100 ./Core/Src/mongoose.o
                0x08001428                mg_base64_update
 .text.mg_base64_final
                0x08001528       0x64 ./Core/Src/mongoose.o
                0x08001528                mg_base64_final
 .text.mg_base64_encode
                0x0800158c       0x4c ./Core/Src/mongoose.o
                0x0800158c                mg_base64_encode
 .text.mg_base64_decode
                0x080015d8      0x11e ./Core/Src/mongoose.o
                0x080015d8                mg_base64_decode
 .text.mg_dns_free
                0x080016f6       0x3a ./Core/Src/mongoose.o
 .text.mg_resolve_cancel
                0x08001730       0x3e ./Core/Src/mongoose.o
                0x08001730                mg_resolve_cancel
 .text.mg_dns_parse_name_depth
                0x0800176e      0x160 ./Core/Src/mongoose.o
 .text.mg_dns_parse_name
                0x080018ce       0x30 ./Core/Src/mongoose.o
 .text.mg_dns_parse_rr
                0x080018fe      0x124 ./Core/Src/mongoose.o
                0x080018fe                mg_dns_parse_rr
 .text.mg_dns_parse
                0x08001a22      0x174 ./Core/Src/mongoose.o
                0x08001a22                mg_dns_parse
 *fill*         0x08001b96        0x2 
 .text.dns_cb   0x08001b98      0x31c ./Core/Src/mongoose.o
 .text.mg_dns_send
                0x08001eb4      0x1c0 ./Core/Src/mongoose.o
 .text.mg_sendnsreq
                0x08002074      0x184 ./Core/Src/mongoose.o
 .text.mg_resolve
                0x080021f8       0x88 ./Core/Src/mongoose.o
                0x080021f8                mg_resolve
 .text.mg_call  0x08002280       0x44 ./Core/Src/mongoose.o
                0x08002280                mg_call
 .text.mg_error
                0x080022c4       0x7c ./Core/Src/mongoose.o
                0x080022c4                mg_error
 .text.mg_pfn_iobuf_private
                0x08002340       0x90 ./Core/Src/mongoose.o
 .text.mg_putchar_iobuf_static
                0x080023d0       0x20 ./Core/Src/mongoose.o
 .text.mg_pfn_iobuf
                0x080023f0       0x20 ./Core/Src/mongoose.o
                0x080023f0                mg_pfn_iobuf
 .text.mg_vsnprintf
                0x08002410       0x50 ./Core/Src/mongoose.o
                0x08002410                mg_vsnprintf
 .text.mg_snprintf
                0x08002460       0x32 ./Core/Src/mongoose.o
                0x08002460                mg_snprintf
 .text.mg_xprintf
                0x08002492       0x36 ./Core/Src/mongoose.o
                0x08002492                mg_xprintf
 .text.is_digit
                0x080024c8       0x2c ./Core/Src/mongoose.o
 .text.addexp   0x080024f4      0x104 ./Core/Src/mongoose.o
 .text.xisinf   0x080025f8       0x50 ./Core/Src/mongoose.o
 .text.xisnan   0x08002648       0x58 ./Core/Src/mongoose.o
 .text.mg_dtoa  0x080026a0      0x5d4 ./Core/Src/mongoose.o
 .text.mg_lld   0x08002c74      0x160 ./Core/Src/mongoose.o
 .text.scpy     0x08002dd4       0x46 ./Core/Src/mongoose.o
 *fill*         0x08002e1a        0x2 
 .text.mg_esc   0x08002e1c       0x7c ./Core/Src/mongoose.o
 .text.mg_escape
                0x08002e98       0x1a ./Core/Src/mongoose.o
 .text.qcpy     0x08002eb2       0x86 ./Core/Src/mongoose.o
 .text.Qcpy     0x08002f38       0x40 ./Core/Src/mongoose.o
 .text.bcpy     0x08002f78      0x118 ./Core/Src/mongoose.o
 .text.mg_vxprintf
                0x08003090      0x8c8 ./Core/Src/mongoose.o
                0x08003090                mg_vxprintf
 .text.mg_fs_open
                0x08003958       0x50 ./Core/Src/mongoose.o
                0x08003958                mg_fs_open
 .text.mg_fs_close
                0x080039a8       0x2a ./Core/Src/mongoose.o
                0x080039a8                mg_fs_close
 .text.is_dir_prefix
                0x080039d2       0x58 ./Core/Src/mongoose.o
 .text.packed_stat
                0x08003a2a       0x60 ./Core/Src/mongoose.o
 *fill*         0x08003a8a        0x2 
 .text.packed_list
                0x08003a8c       0xfc ./Core/Src/mongoose.o
 .text.packed_open
                0x08003b88       0x5c ./Core/Src/mongoose.o
 .text.packed_close
                0x08003be4       0x1c ./Core/Src/mongoose.o
 .text.packed_read
                0x08003c00       0x56 ./Core/Src/mongoose.o
 .text.packed_write
                0x08003c56       0x1a ./Core/Src/mongoose.o
 .text.packed_seek
                0x08003c70       0x38 ./Core/Src/mongoose.o
 .text.packed_rename
                0x08003ca8       0x18 ./Core/Src/mongoose.o
 .text.packed_remove
                0x08003cc0       0x16 ./Core/Src/mongoose.o
 .text.packed_mkdir
                0x08003cd6       0x16 ./Core/Src/mongoose.o
 .text.p_stat   0x08003cec       0x1a ./Core/Src/mongoose.o
 .text.p_list   0x08003d06       0x18 ./Core/Src/mongoose.o
 .text.p_open   0x08003d1e       0x18 ./Core/Src/mongoose.o
 .text.p_close  0x08003d36       0x14 ./Core/Src/mongoose.o
 .text.p_read   0x08003d4a       0x1a ./Core/Src/mongoose.o
 .text.p_write  0x08003d64       0x1a ./Core/Src/mongoose.o
 .text.p_seek   0x08003d7e       0x1a ./Core/Src/mongoose.o
 .text.p_rename
                0x08003d98       0x18 ./Core/Src/mongoose.o
 .text.p_remove
                0x08003db0       0x16 ./Core/Src/mongoose.o
 .text.p_mkdir  0x08003dc6       0x16 ./Core/Src/mongoose.o
 .text.mg_http_var
                0x08003ddc       0x82 ./Core/Src/mongoose.o
                0x08003ddc                mg_http_var
 .text.mg_http_get_var
                0x08003e5e       0x9a ./Core/Src/mongoose.o
                0x08003e5e                mg_http_get_var
 .text.isx      0x08003ef8       0x44 ./Core/Src/mongoose.o
 .text.mg_url_decode
                0x08003f3c       0xfc ./Core/Src/mongoose.o
                0x08003f3c                mg_url_decode
 .text.isok     0x08004038       0x34 ./Core/Src/mongoose.o
 .text.mg_http_get_request_len
                0x0800406c       0x9c ./Core/Src/mongoose.o
                0x0800406c                mg_http_get_request_len
 .text.skip     0x08004108       0x78 ./Core/Src/mongoose.o
 .text.mg_http_get_header
                0x08004180       0x80 ./Core/Src/mongoose.o
                0x08004180                mg_http_get_header
 .text.mg_http_parse_headers
                0x08004200       0xc4 ./Core/Src/mongoose.o
 .text.mg_http_parse
                0x080042c4      0x204 ./Core/Src/mongoose.o
                0x080042c4                mg_http_parse
 .text.mg_http_status_code_str
                0x080044c8      0x1a0 ./Core/Src/mongoose.o
 .text.mg_http_reply
                0x08004668       0xb8 ./Core/Src/mongoose.o
                0x08004668                mg_http_reply
 .text.restore_http_cb
                0x08004720       0x38 ./Core/Src/mongoose.o
 .text.mg_http_etag
                0x08004758       0x38 ./Core/Src/mongoose.o
                0x08004758                mg_http_etag
 .text.static_cb
                0x08004790       0xc2 ./Core/Src/mongoose.o
 *fill*         0x08004852        0x2 
 .text.guess_content_type
                0x08004854       0xf4 ./Core/Src/mongoose.o
 .text.getrange
                0x08004948      0x114 ./Core/Src/mongoose.o
 .text.mg_http_serve_file
                0x08004a5c      0x55c ./Core/Src/mongoose.o
                0x08004a5c                mg_http_serve_file
 .text.printdirentry
                0x08004fb8      0x1f0 ./Core/Src/mongoose.o
 .text.listdir  0x080051a8      0x184 ./Core/Src/mongoose.o
 .text.uri_to_path2
                0x0800532c      0x250 ./Core/Src/mongoose.o
 .text.uri_to_path
                0x0800557c      0x114 ./Core/Src/mongoose.o
 .text.mg_http_serve_dir
                0x08005690       0xa0 ./Core/Src/mongoose.o
                0x08005690                mg_http_serve_dir
 .text.mg_is_url_safe
                0x08005730       0x5c ./Core/Src/mongoose.o
 .text.mg_url_encode
                0x0800578c       0x92 ./Core/Src/mongoose.o
                0x0800578c                mg_url_encode
 *fill*         0x0800581e        0x2 
 .text.mg_http_creds
                0x08005820      0x238 ./Core/Src/mongoose.o
                0x08005820                mg_http_creds
 .text.stripquotes
                0x08005a58       0x52 ./Core/Src/mongoose.o
 .text.mg_http_get_header_var
                0x08005aaa      0x12c ./Core/Src/mongoose.o
                0x08005aaa                mg_http_get_header_var
 .text.mg_http_match_uri
                0x08005bd6       0x34 ./Core/Src/mongoose.o
                0x08005bd6                mg_http_match_uri
 .text.getchunk
                0x08005c0a       0xba ./Core/Src/mongoose.o
 .text.mg_is_chunked
                0x08005cc4       0x48 ./Core/Src/mongoose.o
 .text.deliver_chunked_chunks
                0x08005d0c      0x194 ./Core/Src/mongoose.o
 .text.deliver_normal_chunks
                0x08005ea0      0x130 ./Core/Src/mongoose.o
 .text.http_cb  0x08005fd0      0x244 ./Core/Src/mongoose.o
 .text.mg_http_listen
                0x08006214       0x38 ./Core/Src/mongoose.o
                0x08006214                mg_http_listen
 .text.zeromem  0x0800624c       0x32 ./Core/Src/mongoose.o
 .text.roundup  0x0800627e       0x34 ./Core/Src/mongoose.o
 *fill*         0x080062b2        0x2 
 .text.mg_iobuf_resize
                0x080062b4      0x114 ./Core/Src/mongoose.o
                0x080062b4                mg_iobuf_resize
 .text.mg_iobuf_add
                0x080063c8       0xa4 ./Core/Src/mongoose.o
                0x080063c8                mg_iobuf_add
 .text.mg_iobuf_del
                0x0800646c       0x96 ./Core/Src/mongoose.o
                0x0800646c                mg_iobuf_del
 .text.mg_iobuf_free
                0x08006502       0x18 ./Core/Src/mongoose.o
                0x08006502                mg_iobuf_free
 *fill*         0x0800651a        0x2 
 .text.escapeseq
                0x0800651c       0x28 ./Core/Src/mongoose.o
 .text.json_esc
                0x08006544       0x60 ./Core/Src/mongoose.o
 .text.mg_pass_string
                0x080065a4       0x82 ./Core/Src/mongoose.o
 *fill*         0x08006626        0x2 
 .text.mg_atod  0x08006628      0x2d4 ./Core/Src/mongoose.o
 .text.mg_json_get
                0x080068fc      0x614 ./Core/Src/mongoose.o
                0x080068fc                mg_json_get
 .text.mg_json_get_num
                0x08006f10       0x8e ./Core/Src/mongoose.o
                0x08006f10                mg_json_get_num
 .text.mg_json_get_long
                0x08006f9e       0x46 ./Core/Src/mongoose.o
                0x08006f9e                mg_json_get_long
 .text.default_logger
                0x08006fe4       0x1c ./Core/Src/mongoose.o
 .text.logc     0x08007000       0x28 ./Core/Src/mongoose.o
 .text.logs     0x08007028       0x36 ./Core/Src/mongoose.o
 *fill*         0x0800705e        0x2 
 .text.mg_log_set
                0x08007060       0x44 ./Core/Src/mongoose.o
                0x08007060                mg_log_set
 .text.mg_log_prefix
                0x080070a4       0xb4 ./Core/Src/mongoose.o
                0x080070a4                mg_log_prefix
 .text.mg_log   0x08007158       0x3c ./Core/Src/mongoose.o
                0x08007158                mg_log
 .text.nibble   0x08007194       0x2c ./Core/Src/mongoose.o
 .text.mg_hexdump
                0x080071c0      0x168 ./Core/Src/mongoose.o
                0x080071c0                mg_hexdump
 .text.mg_mqtt_send_header
                0x08007328       0x8a ./Core/Src/mongoose.o
                0x08007328                mg_mqtt_send_header
 .text.mg_send_u16
                0x080073b2       0x20 ./Core/Src/mongoose.o
 .text.mg_mqtt_login
                0x080073d2      0x2b6 ./Core/Src/mongoose.o
                0x080073d2                mg_mqtt_login
 .text.mg_mqtt_pub
                0x08007688      0x140 ./Core/Src/mongoose.o
                0x08007688                mg_mqtt_pub
 .text.mg_mqtt_sub
                0x080077c8       0xca ./Core/Src/mongoose.o
                0x080077c8                mg_mqtt_sub
 .text.mg_mqtt_parse
                0x08007892      0x210 ./Core/Src/mongoose.o
                0x08007892                mg_mqtt_parse
 *fill*         0x08007aa2        0x2 
 .text.mqtt_cb  0x08007aa4      0x1ec ./Core/Src/mongoose.o
 .text.mg_mqtt_connect
                0x08007c90       0x5c ./Core/Src/mongoose.o
                0x08007c90                mg_mqtt_connect
 .text.mg_vprintf
                0x08007cec       0x38 ./Core/Src/mongoose.o
                0x08007cec                mg_vprintf
 .text.mg_printf
                0x08007d24       0x34 ./Core/Src/mongoose.o
                0x08007d24                mg_printf
 .text.mg_ntoa  0x08007d58       0xf4 ./Core/Src/mongoose.o
                0x08007d58                mg_ntoa
 .text.mg_atonl
                0x08007e4c       0x4c ./Core/Src/mongoose.o
 .text.mg_atone
                0x08007e98       0x34 ./Core/Src/mongoose.o
 .text.mg_aton4
                0x08007ecc       0xee ./Core/Src/mongoose.o
 .text.mg_v4mapped
                0x08007fba       0xd0 ./Core/Src/mongoose.o
 .text.mg_aton6
                0x0800808a      0x1d4 ./Core/Src/mongoose.o
 .text.mg_aton  0x0800825e       0x74 ./Core/Src/mongoose.o
                0x0800825e                mg_aton
 .text.mg_alloc_conn
                0x080082d2       0x52 ./Core/Src/mongoose.o
                0x080082d2                mg_alloc_conn
 .text.mg_close_conn
                0x08008324       0xc4 ./Core/Src/mongoose.o
                0x08008324                mg_close_conn
 .text.mg_connect
                0x080083e8      0x114 ./Core/Src/mongoose.o
                0x080083e8                mg_connect
 .text.mg_listen
                0x080084fc      0x120 ./Core/Src/mongoose.o
                0x080084fc                mg_listen
 .text.mg_timer_add
                0x0800861c       0x52 ./Core/Src/mongoose.o
                0x0800861c                mg_timer_add
 *fill*         0x0800866e        0x2 
 .text.mg_mgr_init
                0x08008670       0x40 ./Core/Src/mongoose.o
                0x08008670                mg_mgr_init
 .text.blk0     0x080086b0       0x58 ./Core/Src/mongoose.o
 .text.mg_sha1_transform
                0x08008708     0x143c ./Core/Src/mongoose.o
 .text.mg_sha1_init
                0x08009b44       0x54 ./Core/Src/mongoose.o
                0x08009b44                mg_sha1_init
 .text.mg_sha1_update
                0x08009b98       0xcc ./Core/Src/mongoose.o
                0x08009b98                mg_sha1_update
 .text.mg_sha1_final
                0x08009c64       0xe4 ./Core/Src/mongoose.o
                0x08009c64                mg_sha1_final
 .text.gettimestamp
                0x08009d48       0xf0 ./Core/Src/mongoose.o
 .text.mg_sntp_parse
                0x08009e38      0x1f8 ./Core/Src/mongoose.o
                0x08009e38                mg_sntp_parse
 .text.sntp_cb  0x0800a030       0xe8 ./Core/Src/mongoose.o
 .text.mg_sntp_request
                0x0800a118      0x114 ./Core/Src/mongoose.o
                0x0800a118                mg_sntp_request
 .text.mg_sntp_connect
                0x0800a22c       0x48 ./Core/Src/mongoose.o
                0x0800a22c                mg_sntp_connect
 .text.mg_http_serve_ssi
                0x0800a274       0x28 ./Core/Src/mongoose.o
                0x0800a274                mg_http_serve_ssi
 .text.mg_str_s
                0x0800a29c       0x3a ./Core/Src/mongoose.o
                0x0800a29c                mg_str_s
 .text.mg_str_n
                0x0800a2d6       0x30 ./Core/Src/mongoose.o
                0x0800a2d6                mg_str_n
 .text.mg_lower
                0x0800a306       0x2e ./Core/Src/mongoose.o
                0x0800a306                mg_lower
 .text.mg_ncasecmp
                0x0800a334       0x5c ./Core/Src/mongoose.o
                0x0800a334                mg_ncasecmp
 .text.mg_vcmp  0x0800a390       0x48 ./Core/Src/mongoose.o
                0x0800a390                mg_vcmp
 .text.mg_vcasecmp
                0x0800a3d8       0x48 ./Core/Src/mongoose.o
                0x0800a3d8                mg_vcasecmp
 .text.mg_strcmp
                0x0800a420       0x84 ./Core/Src/mongoose.o
                0x0800a420                mg_strcmp
 .text.mg_match
                0x0800a4a4      0x1ce ./Core/Src/mongoose.o
                0x0800a4a4                mg_match
 .text.mg_globmatch
                0x0800a672       0x48 ./Core/Src/mongoose.o
                0x0800a672                mg_globmatch
 .text.mg_nce   0x0800a6ba       0xd2 ./Core/Src/mongoose.o
 .text.mg_split
                0x0800a78c       0xe8 ./Core/Src/mongoose.o
                0x0800a78c                mg_split
 .text.mg_commalist
                0x0800a874       0x22 ./Core/Src/mongoose.o
                0x0800a874                mg_commalist
 *fill*         0x0800a896        0x2 
 .text.mg_hex   0x0800a898       0x7c ./Core/Src/mongoose.o
                0x0800a898                mg_hex
 .text.mg_unhex_nimble
                0x0800a914       0x44 ./Core/Src/mongoose.o
 .text.mg_unhexn
                0x0800a958       0x4e ./Core/Src/mongoose.o
                0x0800a958                mg_unhexn
 .text.mg_unhex
                0x0800a9a6       0x46 ./Core/Src/mongoose.o
                0x0800a9a6                mg_unhex
 *fill*         0x0800a9ec        0x4 
 .text.mg_to64  0x0800a9f0      0x160 ./Core/Src/mongoose.o
                0x0800a9f0                mg_to64
 .text.mg_remove_double_dots
                0x0800ab50       0xa0 ./Core/Src/mongoose.o
                0x0800ab50                mg_remove_double_dots
 .text.mg_timer_init
                0x0800abf0       0x58 ./Core/Src/mongoose.o
                0x0800abf0                mg_timer_init
 .text.mg_timer_expired
                0x0800ac48       0xc8 ./Core/Src/mongoose.o
                0x0800ac48                mg_timer_expired
 .text.mg_timer_poll
                0x0800ad10       0xce ./Core/Src/mongoose.o
                0x0800ad10                mg_timer_poll
 *fill*         0x0800adde        0x2 
 .text.mg_tls_init
                0x0800ade0       0x20 ./Core/Src/mongoose.o
                0x0800ade0                mg_tls_init
 .text.mg_tls_handshake
                0x0800ae00       0x14 ./Core/Src/mongoose.o
                0x0800ae00                mg_tls_handshake
 .text.mg_tls_free
                0x0800ae14       0x14 ./Core/Src/mongoose.o
                0x0800ae14                mg_tls_free
 .text.mg_tls_recv
                0x0800ae28       0x32 ./Core/Src/mongoose.o
                0x0800ae28                mg_tls_recv
 .text.mg_tls_send
                0x0800ae5a       0x32 ./Core/Src/mongoose.o
                0x0800ae5a                mg_tls_send
 .text.mg_url_is_ssl
                0x0800ae8c       0x7c ./Core/Src/mongoose.o
                0x0800ae8c                mg_url_is_ssl
 .text.urlparse
                0x0800af08      0x102 ./Core/Src/mongoose.o
 .text.mg_url_host
                0x0800b00a       0x66 ./Core/Src/mongoose.o
                0x0800b00a                mg_url_host
 .text.mg_url_port
                0x0800b070       0xc8 ./Core/Src/mongoose.o
                0x0800b070                mg_url_port
 .text.mg_random
                0x0800b138       0x42 ./Core/Src/mongoose.o
                0x0800b138                mg_random
 .text.mg_ntohl
                0x0800b17a       0x32 ./Core/Src/mongoose.o
                0x0800b17a                mg_ntohl
 .text.mg_ntohs
                0x0800b1ac       0x2e ./Core/Src/mongoose.o
                0x0800b1ac                mg_ntohs
 *fill*         0x0800b1da        0x2 
 .text.mg_ws_vprintf
                0x0800b1dc       0x48 ./Core/Src/mongoose.o
                0x0800b1dc                mg_ws_vprintf
 .text.ws_handshake
                0x0800b224       0xc8 ./Core/Src/mongoose.o
 .text.be32     0x0800b2ec       0x38 ./Core/Src/mongoose.o
 .text.ws_process
                0x0800b324      0x150 ./Core/Src/mongoose.o
 .text.mkhdr    0x0800b474       0xe2 ./Core/Src/mongoose.o
 .text.mg_ws_mask
                0x0800b556       0x78 ./Core/Src/mongoose.o
 *fill*         0x0800b5ce        0x2 
 .text.mg_ws_send
                0x0800b5d0       0x8c ./Core/Src/mongoose.o
                0x0800b5d0                mg_ws_send
 .text.mg_ws_client_handshake
                0x0800b65c      0x114 ./Core/Src/mongoose.o
 .text.mg_ws_cb
                0x0800b770      0x2a4 ./Core/Src/mongoose.o
 .text.mg_ws_upgrade
                0x0800ba14       0xb0 ./Core/Src/mongoose.o
                0x0800ba14                mg_ws_upgrade
 .text.mg_ws_wrap
                0x0800bac4       0x8c ./Core/Src/mongoose.o
                0x0800bac4                mg_ws_wrap
 .text.spin     0x0800bb50       0x22 ./Core/Src/mongoose.o
 *fill*         0x0800bb72        0x2 
 .text.eth_read_phy
                0x0800bb74       0x60 ./Core/Src/mongoose.o
 .text.eth_write_phy
                0x0800bbd4       0x68 ./Core/Src/mongoose.o
 .text.get_hclk
                0x0800bc3c      0x10c ./Core/Src/mongoose.o
 .text.guess_mdc_cr
                0x0800bd48       0xf8 ./Core/Src/mongoose.o
 .text.mip_driver_stm32_init
                0x0800be40      0x1f0 ./Core/Src/mongoose.o
 .text.mip_driver_stm32_setrx
                0x0800c030       0x2c ./Core/Src/mongoose.o
 .text.mip_driver_stm32_tx
                0x0800c05c      0x144 ./Core/Src/mongoose.o
 .text.mip_driver_stm32_up
                0x0800c1a0       0x2c ./Core/Src/mongoose.o
 .text.ETH_IRQHandler
                0x0800c1cc       0xd0 ./Core/Src/mongoose.o
                0x0800c1cc                ETH_IRQHandler
 .text.q_copyin
                0x0800c29c       0x58 ./Core/Src/mongoose.o
 .text.q_copyout
                0x0800c2f4       0x58 ./Core/Src/mongoose.o
 .text.q_write  0x0800c34c       0x94 ./Core/Src/mongoose.o
 .text.q_avail  0x0800c3e0       0x32 ./Core/Src/mongoose.o
 .text.q_read   0x0800c412       0x5c ./Core/Src/mongoose.o
 .text.mkstr    0x0800c46e       0x30 ./Core/Src/mongoose.o
 .text.mkpay    0x0800c49e       0x3c ./Core/Src/mongoose.o
 .text.csumup   0x0800c4da       0x5a ./Core/Src/mongoose.o
 .text.csumfin  0x0800c534       0x36 ./Core/Src/mongoose.o
 .text.ipcsum   0x0800c56a       0x26 ./Core/Src/mongoose.o
 .text.arp_cache_init
                0x0800c590       0xca ./Core/Src/mongoose.o
 .text.arp_cache_find
                0x0800c65a       0x86 ./Core/Src/mongoose.o
 .text.arp_cache_add
                0x0800c6e0       0xe8 ./Core/Src/mongoose.o
 .text.ether_output
                0x0800c7c8       0x26 ./Core/Src/mongoose.o
 .text.arp_ask  0x0800c7ee       0xba ./Core/Src/mongoose.o
 .text.mg_print_ipv4
                0x0800c8a8       0x54 ./Core/Src/mongoose.o
 .text.onstatechange
                0x0800c8fc      0x118 ./Core/Src/mongoose.o
 .text.tx_ip    0x0800ca14       0xfc ./Core/Src/mongoose.o
 .text.tx_udp   0x0800cb10       0xd0 ./Core/Src/mongoose.o
 .text.tx_dhcp  0x0800cbe0      0x100 ./Core/Src/mongoose.o
 .text.tx_dhcp_request
                0x0800cce0       0x54 ./Core/Src/mongoose.o
 .text.tx_dhcp_discover
                0x0800cd34       0x5c ./Core/Src/mongoose.o
 .text.rx_arp   0x0800cd90      0x19c ./Core/Src/mongoose.o
 .text.rx_icmp  0x0800cf2c       0xb0 ./Core/Src/mongoose.o
 .text.rx_dhcp  0x0800cfdc      0x170 ./Core/Src/mongoose.o
 .text.getpeer  0x0800d14c       0xb0 ./Core/Src/mongoose.o
 .text.rx_udp   0x0800d1fc       0xcc ./Core/Src/mongoose.o
 .text.tx_tcp   0x0800d2c8      0x114 ./Core/Src/mongoose.o
 .text.tx_tcp_pkt
                0x0800d3dc       0x7c ./Core/Src/mongoose.o
 .text.accept_conn
                0x0800d458      0x13c ./Core/Src/mongoose.o
 .text.settmout
                0x0800d594       0x90 ./Core/Src/mongoose.o
 .text.mg_io_send
                0x0800d624       0xaa ./Core/Src/mongoose.o
                0x0800d624                mg_io_send
 *fill*         0x0800d6ce        0x2 
 .text.read_conn
                0x0800d6d0      0x2a4 ./Core/Src/mongoose.o
 .text.rx_tcp   0x0800d974      0x1c2 ./Core/Src/mongoose.o
 .text.rx_ip    0x0800db36      0x130 ./Core/Src/mongoose.o
 .text.rx_ip6   0x0800dc66       0x84 ./Core/Src/mongoose.o
 *fill*         0x0800dcea        0x2 
 .text.mip_rx   0x0800dcec      0x1b4 ./Core/Src/mongoose.o
 .text.mip_poll
                0x0800dea0      0x308 ./Core/Src/mongoose.o
 .text.on_rx    0x0800e1a8       0x68 ./Core/Src/mongoose.o
 .text.if_init  0x0800e210       0xd8 ./Core/Src/mongoose.o
 .text.mip_init
                0x0800e2e8       0xa8 ./Core/Src/mongoose.o
                0x0800e2e8                mip_init
 .text.mg_connect_resolved
                0x0800e390      0x13c ./Core/Src/mongoose.o
                0x0800e390                mg_connect_resolved
 .text.mg_open_listener
                0x0800e4cc       0x2a ./Core/Src/mongoose.o
                0x0800e4cc                mg_open_listener
 .text.write_conn
                0x0800e4f6       0x6a ./Core/Src/mongoose.o
 .text.close_conn
                0x0800e560       0x8e ./Core/Src/mongoose.o
 .text.can_write
                0x0800e5ee       0x58 ./Core/Src/mongoose.o
 .text.mg_mgr_poll
                0x0800e646       0xb6 ./Core/Src/mongoose.o
                0x0800e646                mg_mgr_poll
 .text.mg_send  0x0800e6fc       0x9c ./Core/Src/mongoose.o
                0x0800e6fc                mg_send
 .text.ourtime  0x0800e798       0x54 ./Core/Src/net.o
                0x0800e798                ourtime
 .text.update_config
                0x0800e7ec       0x80 ./Core/Src/net.o
 .text.getuser  0x0800e86c       0xfc ./Core/Src/net.o
 .text.send_notification
                0x0800e968       0x4c ./Core/Src/net.o
 *fill*         0x0800e9b4        0x4 
 .text.timer_metrics_fn
                0x0800e9b8       0x84 ./Core/Src/net.o
 .text.mqtt_fn  0x0800ea3c      0x194 ./Core/Src/net.o
 .text.timer_mqtt_fn
                0x0800ebd0       0x50 ./Core/Src/net.o
 .text.sfn      0x0800ec20       0x74 ./Core/Src/net.o
 .text.timer_sntp_fn
                0x0800ec94       0x44 ./Core/Src/net.o
 .text.device_dashboard_fn
                0x0800ecd8      0x558 ./Core/Src/net.o
                0x0800ecd8                device_dashboard_fn
 .text.scmp     0x0800f230       0x44 ./Core/Src/packed_fs.o
 .text.mg_unlist
                0x0800f274       0x28 ./Core/Src/packed_fs.o
                0x0800f274                mg_unlist
 .text.mg_unpack
                0x0800f29c       0x6c ./Core/Src/packed_fs.o
                0x0800f29c                mg_unpack
 .text.HAL_MspInit
                0x0800f308       0x48 ./Core/Src/stm32f7xx_hal_msp.o
                0x0800f308                HAL_MspInit
 .text.HAL_ETH_MspInit
                0x0800f350      0x180 ./Core/Src/stm32f7xx_hal_msp.o
                0x0800f350                HAL_ETH_MspInit
 .text.HAL_UART_MspInit
                0x0800f4d0       0xc0 ./Core/Src/stm32f7xx_hal_msp.o
                0x0800f4d0                HAL_UART_MspInit
 .text.HAL_InitTick
                0x0800f590       0xf4 ./Core/Src/stm32f7xx_hal_timebase_tim.o
                0x0800f590                HAL_InitTick
 .text.NMI_Handler
                0x0800f684        0x6 ./Core/Src/stm32f7xx_it.o
                0x0800f684                NMI_Handler
 .text.HardFault_Handler
                0x0800f68a        0x6 ./Core/Src/stm32f7xx_it.o
                0x0800f68a                HardFault_Handler
 .text.MemManage_Handler
                0x0800f690        0x6 ./Core/Src/stm32f7xx_it.o
                0x0800f690                MemManage_Handler
 .text.BusFault_Handler
                0x0800f696        0x6 ./Core/Src/stm32f7xx_it.o
                0x0800f696                BusFault_Handler
 .text.UsageFault_Handler
                0x0800f69c        0x6 ./Core/Src/stm32f7xx_it.o
                0x0800f69c                UsageFault_Handler
 .text.SVC_Handler
                0x0800f6a2        0xe ./Core/Src/stm32f7xx_it.o
                0x0800f6a2                SVC_Handler
 .text.DebugMon_Handler
                0x0800f6b0        0xe ./Core/Src/stm32f7xx_it.o
                0x0800f6b0                DebugMon_Handler
 .text.PendSV_Handler
                0x0800f6be        0xe ./Core/Src/stm32f7xx_it.o
                0x0800f6be                PendSV_Handler
 .text.SysTick_Handler
                0x0800f6cc        0xe ./Core/Src/stm32f7xx_it.o
                0x0800f6cc                SysTick_Handler
 *fill*         0x0800f6da        0x2 
 .text.TIM6_DAC_IRQHandler
                0x0800f6dc       0x14 ./Core/Src/stm32f7xx_it.o
                0x0800f6dc                TIM6_DAC_IRQHandler
 .text._getpid  0x0800f6f0       0x10 ./Core/Src/syscalls.o
                0x0800f6f0                _getpid
 .text._kill    0x0800f700       0x20 ./Core/Src/syscalls.o
                0x0800f700                _kill
 .text._exit    0x0800f720       0x14 ./Core/Src/syscalls.o
                0x0800f720                _exit
 .text._read    0x0800f734       0x3a ./Core/Src/syscalls.o
                0x0800f734                _read
 *fill*         0x0800f76e        0x2 
 .text._write   0x0800f770       0x30 ./Core/Src/syscalls.o
                0x0800f770                _write
 .text._close   0x0800f7a0       0x18 ./Core/Src/syscalls.o
                0x0800f7a0                _close
 .text._fstat   0x0800f7b8       0x20 ./Core/Src/syscalls.o
                0x0800f7b8                _fstat
 .text._isatty  0x0800f7d8       0x16 ./Core/Src/syscalls.o
                0x0800f7d8                _isatty
 .text._lseek   0x0800f7ee       0x1a ./Core/Src/syscalls.o
                0x0800f7ee                _lseek
 .text._sbrk    0x0800f808       0x6c ./Core/Src/sysmem.o
                0x0800f808                _sbrk
 .text.SystemInit
                0x0800f874       0x24 ./Core/Src/system_stm32f7xx.o
                0x0800f874                SystemInit
 .text.Reset_Handler
                0x0800f898       0x50 ./Core/Startup/startup_stm32f746zgtx.o
                0x0800f898                Reset_Handler
 .text.Default_Handler
                0x0800f8e8        0x2 ./Core/Startup/startup_stm32f746zgtx.o
                0x0800f8e8                RTC_Alarm_IRQHandler
                0x0800f8e8                EXTI2_IRQHandler
                0x0800f8e8                TIM8_CC_IRQHandler
                0x0800f8e8                UART8_IRQHandler
                0x0800f8e8                SPI4_IRQHandler
                0x0800f8e8                TIM1_CC_IRQHandler
                0x0800f8e8                DMA2_Stream5_IRQHandler
                0x0800f8e8                DMA1_Stream5_IRQHandler
                0x0800f8e8                PVD_IRQHandler
                0x0800f8e8                TAMP_STAMP_IRQHandler
                0x0800f8e8                CAN2_RX1_IRQHandler
                0x0800f8e8                EXTI3_IRQHandler
                0x0800f8e8                TIM8_TRG_COM_TIM14_IRQHandler
                0x0800f8e8                TIM1_UP_TIM10_IRQHandler
                0x0800f8e8                TIM8_UP_TIM13_IRQHandler
                0x0800f8e8                I2C3_ER_IRQHandler
                0x0800f8e8                EXTI0_IRQHandler
                0x0800f8e8                I2C2_EV_IRQHandler
                0x0800f8e8                DMA1_Stream2_IRQHandler
                0x0800f8e8                CAN1_RX0_IRQHandler
                0x0800f8e8                FPU_IRQHandler
                0x0800f8e8                OTG_HS_WKUP_IRQHandler
                0x0800f8e8                LTDC_ER_IRQHandler
                0x0800f8e8                CAN2_SCE_IRQHandler
                0x0800f8e8                DMA2_Stream2_IRQHandler
                0x0800f8e8                SPI1_IRQHandler
                0x0800f8e8                TIM1_BRK_TIM9_IRQHandler
                0x0800f8e8                DCMI_IRQHandler
                0x0800f8e8                CAN2_RX0_IRQHandler
                0x0800f8e8                DMA2_Stream3_IRQHandler
                0x0800f8e8                SAI2_IRQHandler
                0x0800f8e8                USART6_IRQHandler
                0x0800f8e8                USART3_IRQHandler
                0x0800f8e8                CAN1_RX1_IRQHandler
                0x0800f8e8                UART5_IRQHandler
                0x0800f8e8                DMA2_Stream0_IRQHandler
                0x0800f8e8                TIM4_IRQHandler
                0x0800f8e8                QUADSPI_IRQHandler
                0x0800f8e8                I2C1_EV_IRQHandler
                0x0800f8e8                DMA1_Stream6_IRQHandler
                0x0800f8e8                DMA1_Stream1_IRQHandler
                0x0800f8e8                UART4_IRQHandler
                0x0800f8e8                TIM3_IRQHandler
                0x0800f8e8                RCC_IRQHandler
                0x0800f8e8                TIM8_BRK_TIM12_IRQHandler
                0x0800f8e8                Default_Handler
                0x0800f8e8                CEC_IRQHandler
                0x0800f8e8                EXTI15_10_IRQHandler
                0x0800f8e8                ADC_IRQHandler
                0x0800f8e8                DMA1_Stream7_IRQHandler
                0x0800f8e8                SPI5_IRQHandler
                0x0800f8e8                TIM7_IRQHandler
                0x0800f8e8                SDMMC1_IRQHandler
                0x0800f8e8                CAN2_TX_IRQHandler
                0x0800f8e8                TIM5_IRQHandler
                0x0800f8e8                DMA2_Stream7_IRQHandler
                0x0800f8e8                I2C3_EV_IRQHandler
                0x0800f8e8                EXTI9_5_IRQHandler
                0x0800f8e8                RTC_WKUP_IRQHandler
                0x0800f8e8                LTDC_IRQHandler
                0x0800f8e8                ETH_WKUP_IRQHandler
                0x0800f8e8                SPDIF_RX_IRQHandler
                0x0800f8e8                SPI2_IRQHandler
                0x0800f8e8                OTG_HS_EP1_IN_IRQHandler
                0x0800f8e8                DMA1_Stream0_IRQHandler
                0x0800f8e8                CAN1_TX_IRQHandler
                0x0800f8e8                EXTI4_IRQHandler
                0x0800f8e8                RNG_IRQHandler
                0x0800f8e8                OTG_HS_EP1_OUT_IRQHandler
                0x0800f8e8                WWDG_IRQHandler
                0x0800f8e8                SPI6_IRQHandler
                0x0800f8e8                I2C4_EV_IRQHandler
                0x0800f8e8                TIM2_IRQHandler
                0x0800f8e8                OTG_FS_WKUP_IRQHandler
                0x0800f8e8                TIM1_TRG_COM_TIM11_IRQHandler
                0x0800f8e8                OTG_HS_IRQHandler
                0x0800f8e8                DMA2D_IRQHandler
                0x0800f8e8                EXTI1_IRQHandler
                0x0800f8e8                UART7_IRQHandler
                0x0800f8e8                USART2_IRQHandler
                0x0800f8e8                I2C2_ER_IRQHandler
                0x0800f8e8                DMA2_Stream1_IRQHandler
                0x0800f8e8                CAN1_SCE_IRQHandler
                0x0800f8e8                FLASH_IRQHandler
                0x0800f8e8                DMA2_Stream4_IRQHandler
                0x0800f8e8                USART1_IRQHandler
                0x0800f8e8                OTG_FS_IRQHandler
                0x0800f8e8                SPI3_IRQHandler
                0x0800f8e8                DMA1_Stream4_IRQHandler
                0x0800f8e8                I2C1_ER_IRQHandler
                0x0800f8e8                FMC_IRQHandler
                0x0800f8e8                LPTIM1_IRQHandler
                0x0800f8e8                I2C4_ER_IRQHandler
                0x0800f8e8                DMA2_Stream6_IRQHandler
                0x0800f8e8                SAI1_IRQHandler
                0x0800f8e8                DMA1_Stream3_IRQHandler
 .text.HAL_Init
                0x0800f8ea       0x1a ./Drivers/STM32F7xx_HAL_Driver/Src/stm32f7xx_hal.o
                0x0800f8ea                HAL_Init
 .text.HAL_IncTick
                0x0800f904       0x28 ./Drivers/STM32F7xx_HAL_Driver/Src/stm32f7xx_hal.o
                0x0800f904                HAL_IncTick
 .text.HAL_GetTick
                0x0800f92c       0x18 ./Drivers/STM32F7xx_HAL_Driver/Src/stm32f7xx_hal.o
                0x0800f92c                HAL_GetTick
 .text.HAL_Delay
                0x0800f944       0x48 ./Drivers/STM32F7xx_HAL_Driver/Src/stm32f7xx_hal.o
                0x0800f944                HAL_Delay
 .text.__NVIC_SetPriorityGrouping
                0x0800f98c       0x48 ./Drivers/STM32F7xx_HAL_Driver/Src/stm32f7xx_hal_cortex.o
 .text.__NVIC_GetPriorityGrouping
                0x0800f9d4       0x1c ./Drivers/STM32F7xx_HAL_Driver/Src/stm32f7xx_hal_cortex.o
 .text.__NVIC_EnableIRQ
                0x0800f9f0       0x3c ./Drivers/STM32F7xx_HAL_Driver/Src/stm32f7xx_hal_cortex.o
 .text.__NVIC_SetPriority
                0x0800fa2c       0x54 ./Drivers/STM32F7xx_HAL_Driver/Src/stm32f7xx_hal_cortex.o
 .text.NVIC_EncodePriority
                0x0800fa80       0x66 ./Drivers/STM32F7xx_HAL_Driver/Src/stm32f7xx_hal_cortex.o
 .text.HAL_NVIC_SetPriorityGrouping
                0x0800fae6       0x16 ./Drivers/STM32F7xx_HAL_Driver/Src/stm32f7xx_hal_cortex.o
                0x0800fae6                HAL_NVIC_SetPriorityGrouping
 .text.HAL_NVIC_SetPriority
                0x0800fafc       0x38 ./Drivers/STM32F7xx_HAL_Driver/Src/stm32f7xx_hal_cortex.o
                0x0800fafc                HAL_NVIC_SetPriority
 .text.HAL_NVIC_EnableIRQ
                0x0800fb34       0x1c ./Drivers/STM32F7xx_HAL_Driver/Src/stm32f7xx_hal_cortex.o
                0x0800fb34                HAL_NVIC_EnableIRQ
 .text.HAL_ETH_Init
                0x0800fb50       0xf8 ./Drivers/STM32F7xx_HAL_Driver/Src/stm32f7xx_hal_eth.o
                0x0800fb50                HAL_ETH_Init
 .text.ETH_SetMACConfig
                0x0800fc48      0x160 ./Drivers/STM32F7xx_HAL_Driver/Src/stm32f7xx_hal_eth.o
 .text.ETH_SetDMAConfig
                0x0800fda8      0x114 ./Drivers/STM32F7xx_HAL_Driver/Src/stm32f7xx_hal_eth.o
 .text.ETH_MACDMAConfig
                0x0800febc       0xe4 ./Drivers/STM32F7xx_HAL_Driver/Src/stm32f7xx_hal_eth.o
 .text.ETH_MACAddressConfig
                0x0800ffa0       0x70 ./Drivers/STM32F7xx_HAL_Driver/Src/stm32f7xx_hal_eth.o
 .text.ETH_DMATxDescListInit
                0x08010010       0xb2 ./Drivers/STM32F7xx_HAL_Driver/Src/stm32f7xx_hal_eth.o
 .text.ETH_DMARxDescListInit
                0x080100c2       0xda ./Drivers/STM32F7xx_HAL_Driver/Src/stm32f7xx_hal_eth.o
 .text.HAL_GPIO_Init
                0x0801019c      0x358 ./Drivers/STM32F7xx_HAL_Driver/Src/stm32f7xx_hal_gpio.o
                0x0801019c                HAL_GPIO_Init
 .text.HAL_GPIO_WritePin
                0x080104f4       0x32 ./Drivers/STM32F7xx_HAL_Driver/Src/stm32f7xx_hal_gpio.o
                0x080104f4                HAL_GPIO_WritePin
 *fill*         0x08010526        0x2 
 .text.HAL_PWREx_EnableOverDrive
                0x08010528       0xa0 ./Drivers/STM32F7xx_HAL_Driver/Src/stm32f7xx_hal_pwr_ex.o
                0x08010528                HAL_PWREx_EnableOverDrive
 .text.HAL_RCC_OscConfig
                0x080105c8      0x548 ./Drivers/STM32F7xx_HAL_Driver/Src/stm32f7xx_hal_rcc.o
                0x080105c8                HAL_RCC_OscConfig
 .text.HAL_RCC_ClockConfig
                0x08010b10      0x1d8 ./Drivers/STM32F7xx_HAL_Driver/Src/stm32f7xx_hal_rcc.o
                0x08010b10                HAL_RCC_ClockConfig
 .text.HAL_RCC_GetSysClockFreq
                0x08010ce8      0x18c ./Drivers/STM32F7xx_HAL_Driver/Src/stm32f7xx_hal_rcc.o
                0x08010ce8                HAL_RCC_GetSysClockFreq
 .text.HAL_RCC_GetHCLKFreq
                0x08010e74       0x18 ./Drivers/STM32F7xx_HAL_Driver/Src/stm32f7xx_hal_rcc.o
                0x08010e74                HAL_RCC_GetHCLKFreq
 .text.HAL_RCC_GetPCLK1Freq
                0x08010e8c       0x28 ./Drivers/STM32F7xx_HAL_Driver/Src/stm32f7xx_hal_rcc.o
                0x08010e8c                HAL_RCC_GetPCLK1Freq
 .text.HAL_RCC_GetPCLK2Freq
                0x08010eb4       0x28 ./Drivers/STM32F7xx_HAL_Driver/Src/stm32f7xx_hal_rcc.o
                0x08010eb4                HAL_RCC_GetPCLK2Freq
 .text.HAL_RCC_GetClockConfig
                0x08010edc       0x64 ./Drivers/STM32F7xx_HAL_Driver/Src/stm32f7xx_hal_rcc.o
                0x08010edc                HAL_RCC_GetClockConfig
 .text.HAL_RCCEx_PeriphCLKConfig
                0x08010f40      0x7e0 ./Drivers/STM32F7xx_HAL_Driver/Src/stm32f7xx_hal_rcc_ex.o
                0x08010f40                HAL_RCCEx_PeriphCLKConfig
 .text.HAL_TIM_Base_Init
                0x08011720       0xae ./Drivers/STM32F7xx_HAL_Driver/Src/stm32f7xx_hal_tim.o
                0x08011720                HAL_TIM_Base_Init
 .text.HAL_TIM_Base_MspInit
                0x080117ce       0x14 ./Drivers/STM32F7xx_HAL_Driver/Src/stm32f7xx_hal_tim.o
                0x080117ce                HAL_TIM_Base_MspInit
 *fill*         0x080117e2        0x2 
 .text.HAL_TIM_Base_Start_IT
                0x080117e4       0xf0 ./Drivers/STM32F7xx_HAL_Driver/Src/stm32f7xx_hal_tim.o
                0x080117e4                HAL_TIM_Base_Start_IT
 .text.HAL_TIM_IRQHandler
                0x080118d4      0x23e ./Drivers/STM32F7xx_HAL_Driver/Src/stm32f7xx_hal_tim.o
                0x080118d4                HAL_TIM_IRQHandler
 .text.HAL_TIM_OC_DelayElapsedCallback
                0x08011b12       0x14 ./Drivers/STM32F7xx_HAL_Driver/Src/stm32f7xx_hal_tim.o
                0x08011b12                HAL_TIM_OC_DelayElapsedCallback
 .text.HAL_TIM_IC_CaptureCallback
                0x08011b26       0x14 ./Drivers/STM32F7xx_HAL_Driver/Src/stm32f7xx_hal_tim.o
                0x08011b26                HAL_TIM_IC_CaptureCallback
 .text.HAL_TIM_PWM_PulseFinishedCallback
                0x08011b3a       0x14 ./Drivers/STM32F7xx_HAL_Driver/Src/stm32f7xx_hal_tim.o
                0x08011b3a                HAL_TIM_PWM_PulseFinishedCallback
 .text.HAL_TIM_TriggerCallback
                0x08011b4e       0x14 ./Drivers/STM32F7xx_HAL_Driver/Src/stm32f7xx_hal_tim.o
                0x08011b4e                HAL_TIM_TriggerCallback
 *fill*         0x08011b62        0x2 
 .text.TIM_Base_SetConfig
                0x08011b64      0x140 ./Drivers/STM32F7xx_HAL_Driver/Src/stm32f7xx_hal_tim.o
                0x08011b64                TIM_Base_SetConfig
 .text.HAL_TIMEx_CommutCallback
                0x08011ca4       0x14 ./Drivers/STM32F7xx_HAL_Driver/Src/stm32f7xx_hal_tim_ex.o
                0x08011ca4                HAL_TIMEx_CommutCallback
 .text.HAL_TIMEx_BreakCallback
                0x08011cb8       0x14 ./Drivers/STM32F7xx_HAL_Driver/Src/stm32f7xx_hal_tim_ex.o
                0x08011cb8                HAL_TIMEx_BreakCallback
 .text.HAL_TIMEx_Break2Callback
                0x08011ccc       0x14 ./Drivers/STM32F7xx_HAL_Driver/Src/stm32f7xx_hal_tim_ex.o
                0x08011ccc                HAL_TIMEx_Break2Callback
 .text.HAL_UART_Init
                0x08011ce0       0x9c ./Drivers/STM32F7xx_HAL_Driver/Src/stm32f7xx_hal_uart.o
                0x08011ce0                HAL_UART_Init
 .text.HAL_UART_Transmit
                0x08011d7c      0x106 ./Drivers/STM32F7xx_HAL_Driver/Src/stm32f7xx_hal_uart.o
                0x08011d7c                HAL_UART_Transmit
 *fill*         0x08011e82        0x2 
 .text.UART_SetConfig
                0x08011e84      0x4c8 ./Drivers/STM32F7xx_HAL_Driver/Src/stm32f7xx_hal_uart.o
                0x08011e84                UART_SetConfig
 .text.UART_AdvFeatureConfig
                0x0801234c      0x144 ./Drivers/STM32F7xx_HAL_Driver/Src/stm32f7xx_hal_uart.o
                0x0801234c                UART_AdvFeatureConfig
 .text.UART_CheckIdleState
                0x08012490       0x6e ./Drivers/STM32F7xx_HAL_Driver/Src/stm32f7xx_hal_uart.o
                0x08012490                UART_CheckIdleState
 .text.UART_WaitOnFlagUntilTimeout
                0x080124fe      0x18c ./Drivers/STM32F7xx_HAL_Driver/Src/stm32f7xx_hal_uart.o
                0x080124fe                UART_WaitOnFlagUntilTimeout
 .text.atoi     0x0801268a        0x8 c:/st/stm32cubeide_1.10.1/stm32cubeide/plugins/com.st.stm32cube.ide.mcu.externaltools.gnu-arm-embedded.10.3-2021.10.win32_1.0.0.202111181915/tools/bin/../lib/gcc/arm-none-eabi/10.3.1/../../../../arm-none-eabi/lib/thumb/v7e-m+fp/hard\libc_nano.a(lib_a-atoi.o)
                0x0801268a                atoi
 *fill*         0x08012692        0x2 
 .text.calloc   0x08012694       0x10 c:/st/stm32cubeide_1.10.1/stm32cubeide/plugins/com.st.stm32cube.ide.mcu.externaltools.gnu-arm-embedded.10.3-2021.10.win32_1.0.0.202111181915/tools/bin/../lib/gcc/arm-none-eabi/10.3.1/../../../../arm-none-eabi/lib/thumb/v7e-m+fp/hard\libc_nano.a(lib_a-calloc.o)
                0x08012694                calloc
 .text.__errno  0x080126a4        0xc c:/st/stm32cubeide_1.10.1/stm32cubeide/plugins/com.st.stm32cube.ide.mcu.externaltools.gnu-arm-embedded.10.3-2021.10.win32_1.0.0.202111181915/tools/bin/../lib/gcc/arm-none-eabi/10.3.1/../../../../arm-none-eabi/lib/thumb/v7e-m+fp/hard\libc_nano.a(lib_a-errno.o)
                0x080126a4                __errno
 .text.__libc_init_array
                0x080126b0       0x48 c:/st/stm32cubeide_1.10.1/stm32cubeide/plugins/com.st.stm32cube.ide.mcu.externaltools.gnu-arm-embedded.10.3-2021.10.win32_1.0.0.202111181915/tools/bin/../lib/gcc/arm-none-eabi/10.3.1/../../../../arm-none-eabi/lib/thumb/v7e-m+fp/hard\libc_nano.a(lib_a-init.o)
                0x080126b0                __libc_init_array
 .text.malloc   0x080126f8       0x10 c:/st/stm32cubeide_1.10.1/stm32cubeide/plugins/com.st.stm32cube.ide.mcu.externaltools.gnu-arm-embedded.10.3-2021.10.win32_1.0.0.202111181915/tools/bin/../lib/gcc/arm-none-eabi/10.3.1/../../../../arm-none-eabi/lib/thumb/v7e-m+fp/hard\libc_nano.a(lib_a-malloc.o)
                0x080126f8                malloc
 .text.free     0x08012708       0x10 c:/st/stm32cubeide_1.10.1/stm32cubeide/plugins/com.st.stm32cube.ide.mcu.externaltools.gnu-arm-embedded.10.3-2021.10.win32_1.0.0.202111181915/tools/bin/../lib/gcc/arm-none-eabi/10.3.1/../../../../arm-none-eabi/lib/thumb/v7e-m+fp/hard\libc_nano.a(lib_a-malloc.o)
                0x08012708                free
 .text.memcmp   0x08012718       0x20 c:/st/stm32cubeide_1.10.1/stm32cubeide/plugins/com.st.stm32cube.ide.mcu.externaltools.gnu-arm-embedded.10.3-2021.10.win32_1.0.0.202111181915/tools/bin/../lib/gcc/arm-none-eabi/10.3.1/../../../../arm-none-eabi/lib/thumb/v7e-m+fp/hard\libc_nano.a(lib_a-memcmp.o)
                0x08012718                memcmp
 .text.memcpy   0x08012738       0x1c c:/st/stm32cubeide_1.10.1/stm32cubeide/plugins/com.st.stm32cube.ide.mcu.externaltools.gnu-arm-embedded.10.3-2021.10.win32_1.0.0.202111181915/tools/bin/../lib/gcc/arm-none-eabi/10.3.1/../../../../arm-none-eabi/lib/thumb/v7e-m+fp/hard\libc_nano.a(lib_a-memcpy-stub.o)
                0x08012738                memcpy
 .text.memmove  0x08012754       0x34 c:/st/stm32cubeide_1.10.1/stm32cubeide/plugins/com.st.stm32cube.ide.mcu.externaltools.gnu-arm-embedded.10.3-2021.10.win32_1.0.0.202111181915/tools/bin/../lib/gcc/arm-none-eabi/10.3.1/../../../../arm-none-eabi/lib/thumb/v7e-m+fp/hard\libc_nano.a(lib_a-memmove.o)
                0x08012754                memmove
 .text.memset   0x08012788       0x10 c:/st/stm32cubeide_1.10.1/stm32cubeide/plugins/com.st.stm32cube.ide.mcu.externaltools.gnu-arm-embedded.10.3-2021.10.win32_1.0.0.202111181915/tools/bin/../lib/gcc/arm-none-eabi/10.3.1/../../../../arm-none-eabi/lib/thumb/v7e-m+fp/hard\libc_nano.a(lib_a-memset.o)
                0x08012788                memset
 .text._calloc_r
                0x08012798       0x2c c:/st/stm32cubeide_1.10.1/stm32cubeide/plugins/com.st.stm32cube.ide.mcu.externaltools.gnu-arm-embedded.10.3-2021.10.win32_1.0.0.202111181915/tools/bin/../lib/gcc/arm-none-eabi/10.3.1/../../../../arm-none-eabi/lib/thumb/v7e-m+fp/hard\libc_nano.a(lib_a-nano-callocr.o)
                0x08012798                _calloc_r
 .text._free_r  0x080127c4       0x98 c:/st/stm32cubeide_1.10.1/stm32cubeide/plugins/com.st.stm32cube.ide.mcu.externaltools.gnu-arm-embedded.10.3-2021.10.win32_1.0.0.202111181915/tools/bin/../lib/gcc/arm-none-eabi/10.3.1/../../../../arm-none-eabi/lib/thumb/v7e-m+fp/hard\libc_nano.a(lib_a-nano-freer.o)
                0x080127c4                _free_r
 .text.sbrk_aligned
                0x0801285c       0x40 c:/st/stm32cubeide_1.10.1/stm32cubeide/plugins/com.st.stm32cube.ide.mcu.externaltools.gnu-arm-embedded.10.3-2021.10.win32_1.0.0.202111181915/tools/bin/../lib/gcc/arm-none-eabi/10.3.1/../../../../arm-none-eabi/lib/thumb/v7e-m+fp/hard\libc_nano.a(lib_a-nano-mallocr.o)
 .text._malloc_r
                0x0801289c       0xe8 c:/st/stm32cubeide_1.10.1/stm32cubeide/plugins/com.st.stm32cube.ide.mcu.externaltools.gnu-arm-embedded.10.3-2021.10.win32_1.0.0.202111181915/tools/bin/../lib/gcc/arm-none-eabi/10.3.1/../../../../arm-none-eabi/lib/thumb/v7e-m+fp/hard\libc_nano.a(lib_a-nano-mallocr.o)
                0x0801289c                _malloc_r
 .text.printf   0x08012984       0x30 c:/st/stm32cubeide_1.10.1/stm32cubeide/plugins/com.st.stm32cube.ide.mcu.externaltools.gnu-arm-embedded.10.3-2021.10.win32_1.0.0.202111181915/tools/bin/../lib/gcc/arm-none-eabi/10.3.1/../../../../arm-none-eabi/lib/thumb/v7e-m+fp/hard\libc_nano.a(lib_a-printf.o)
                0x08012984                iprintf
                0x08012984                printf
 .text.putchar  0x080129b4       0x2c c:/st/stm32cubeide_1.10.1/stm32cubeide/plugins/com.st.stm32cube.ide.mcu.externaltools.gnu-arm-embedded.10.3-2021.10.win32_1.0.0.202111181915/tools/bin/../lib/gcc/arm-none-eabi/10.3.1/../../../../arm-none-eabi/lib/thumb/v7e-m+fp/hard\libc_nano.a(lib_a-putchar.o)
                0x080129b4                putchar
 .text.rand     0x080129e0       0x7c c:/st/stm32cubeide_1.10.1/stm32cubeide/plugins/com.st.stm32cube.ide.mcu.externaltools.gnu-arm-embedded.10.3-2021.10.win32_1.0.0.202111181915/tools/bin/../lib/gcc/arm-none-eabi/10.3.1/../../../../arm-none-eabi/lib/thumb/v7e-m+fp/hard\libc_nano.a(lib_a-rand.o)
                0x080129e0                rand
 .text._sbrk_r  0x08012a5c       0x20 c:/st/stm32cubeide_1.10.1/stm32cubeide/plugins/com.st.stm32cube.ide.mcu.externaltools.gnu-arm-embedded.10.3-2021.10.win32_1.0.0.202111181915/tools/bin/../lib/gcc/arm-none-eabi/10.3.1/../../../../arm-none-eabi/lib/thumb/v7e-m+fp/hard\libc_nano.a(lib_a-sbrkr.o)
                0x08012a5c                _sbrk_r
 .text.__sread  0x08012a7c       0x22 c:/st/stm32cubeide_1.10.1/stm32cubeide/plugins/com.st.stm32cube.ide.mcu.externaltools.gnu-arm-embedded.10.3-2021.10.win32_1.0.0.202111181915/tools/bin/../lib/gcc/arm-none-eabi/10.3.1/../../../../arm-none-eabi/lib/thumb/v7e-m+fp/hard\libc_nano.a(lib_a-stdio.o)
                0x08012a7c                __sread
 .text.__swrite
                0x08012a9e       0x38 c:/st/stm32cubeide_1.10.1/stm32cubeide/plugins/com.st.stm32cube.ide.mcu.externaltools.gnu-arm-embedded.10.3-2021.10.win32_1.0.0.202111181915/tools/bin/../lib/gcc/arm-none-eabi/10.3.1/../../../../arm-none-eabi/lib/thumb/v7e-m+fp/hard\libc_nano.a(lib_a-stdio.o)
                0x08012a9e                __swrite
 .text.__sseek  0x08012ad6       0x24 c:/st/stm32cubeide_1.10.1/stm32cubeide/plugins/com.st.stm32cube.ide.mcu.externaltools.gnu-arm-embedded.10.3-2021.10.win32_1.0.0.202111181915/tools/bin/../lib/gcc/arm-none-eabi/10.3.1/../../../../arm-none-eabi/lib/thumb/v7e-m+fp/hard\libc_nano.a(lib_a-stdio.o)
                0x08012ad6                __sseek
 .text.__sclose
                0x08012afa        0x8 c:/st/stm32cubeide_1.10.1/stm32cubeide/plugins/com.st.stm32cube.ide.mcu.externaltools.gnu-arm-embedded.10.3-2021.10.win32_1.0.0.202111181915/tools/bin/../lib/gcc/arm-none-eabi/10.3.1/../../../../arm-none-eabi/lib/thumb/v7e-m+fp/hard\libc_nano.a(lib_a-stdio.o)
                0x08012afa                __sclose
 .text.strchr   0x08012b02       0x1a c:/st/stm32cubeide_1.10.1/stm32cubeide/plugins/com.st.stm32cube.ide.mcu.externaltools.gnu-arm-embedded.10.3-2021.10.win32_1.0.0.202111181915/tools/bin/../lib/gcc/arm-none-eabi/10.3.1/../../../../arm-none-eabi/lib/thumb/v7e-m+fp/hard\libc_nano.a(lib_a-strchr.o)
                0x08012b02                strchr
 .text.strcpy   0x08012b1c       0x10 c:/st/stm32cubeide_1.10.1/stm32cubeide/plugins/com.st.stm32cube.ide.mcu.externaltools.gnu-arm-embedded.10.3-2021.10.win32_1.0.0.202111181915/tools/bin/../lib/gcc/arm-none-eabi/10.3.1/../../../../arm-none-eabi/lib/thumb/v7e-m+fp/hard\libc_nano.a(lib_a-strcpy.o)
                0x08012b1c                strcpy
 .text.strdup   0x08012b2c       0x10 c:/st/stm32cubeide_1.10.1/stm32cubeide/plugins/com.st.stm32cube.ide.mcu.externaltools.gnu-arm-embedded.10.3-2021.10.win32_1.0.0.202111181915/tools/bin/../lib/gcc/arm-none-eabi/10.3.1/../../../../arm-none-eabi/lib/thumb/v7e-m+fp/hard\libc_nano.a(lib_a-strdup.o)
                0x08012b2c                strdup
 .text._strdup_r
                0x08012b3c       0x2a c:/st/stm32cubeide_1.10.1/stm32cubeide/plugins/com.st.stm32cube.ide.mcu.externaltools.gnu-arm-embedded.10.3-2021.10.win32_1.0.0.202111181915/tools/bin/../lib/gcc/arm-none-eabi/10.3.1/../../../../arm-none-eabi/lib/thumb/v7e-m+fp/hard\libc_nano.a(lib_a-strdup_r.o)
                0x08012b3c                _strdup_r
 .text.strncmp  0x08012b66       0x28 c:/st/stm32cubeide_1.10.1/stm32cubeide/plugins/com.st.stm32cube.ide.mcu.externaltools.gnu-arm-embedded.10.3-2021.10.win32_1.0.0.202111181915/tools/bin/../lib/gcc/arm-none-eabi/10.3.1/../../../../arm-none-eabi/lib/thumb/v7e-m+fp/hard\libc_nano.a(lib_a-strncmp.o)
                0x08012b66                strncmp
 .text.strrchr  0x08012b8e       0x28 c:/st/stm32cubeide_1.10.1/stm32cubeide/plugins/com.st.stm32cube.ide.mcu.externaltools.gnu-arm-embedded.10.3-2021.10.win32_1.0.0.202111181915/tools/bin/../lib/gcc/arm-none-eabi/10.3.1/../../../../arm-none-eabi/lib/thumb/v7e-m+fp/hard\libc_nano.a(lib_a-strrchr.o)
                0x08012b8e                strrchr
 *fill*         0x08012bb6        0x2 
 .text._strtol_l.constprop.0
                0x08012bb8      0x104 c:/st/stm32cubeide_1.10.1/stm32cubeide/plugins/com.st.stm32cube.ide.mcu.externaltools.gnu-arm-embedded.10.3-2021.10.win32_1.0.0.202111181915/tools/bin/../lib/gcc/arm-none-eabi/10.3.1/../../../../arm-none-eabi/lib/thumb/v7e-m+fp/hard\libc_nano.a(lib_a-strtol.o)
 .text.strtol   0x08012cbc       0x14 c:/st/stm32cubeide_1.10.1/stm32cubeide/plugins/com.st.stm32cube.ide.mcu.externaltools.gnu-arm-embedded.10.3-2021.10.win32_1.0.0.202111181915/tools/bin/../lib/gcc/arm-none-eabi/10.3.1/../../../../arm-none-eabi/lib/thumb/v7e-m+fp/hard\libc_nano.a(lib_a-strtol.o)
                0x08012cbc                strtol
 .text._write_r
                0x08012cd0       0x24 c:/st/stm32cubeide_1.10.1/stm32cubeide/plugins/com.st.stm32cube.ide.mcu.externaltools.gnu-arm-embedded.10.3-2021.10.win32_1.0.0.202111181915/tools/bin/../lib/gcc/arm-none-eabi/10.3.1/../../../../arm-none-eabi/lib/thumb/v7e-m+fp/hard\libc_nano.a(lib_a-writer.o)
                0x08012cd0                _write_r
 .text.__assert_func
                0x08012cf4       0x3c c:/st/stm32cubeide_1.10.1/stm32cubeide/plugins/com.st.stm32cube.ide.mcu.externaltools.gnu-arm-embedded.10.3-2021.10.win32_1.0.0.202111181915/tools/bin/../lib/gcc/arm-none-eabi/10.3.1/../../../../arm-none-eabi/lib/thumb/v7e-m+fp/hard\libc_nano.a(lib_a-assert.o)
                0x08012cf4                __assert_func
 .text._close_r
                0x08012d30       0x20 c:/st/stm32cubeide_1.10.1/stm32cubeide/plugins/com.st.stm32cube.ide.mcu.externaltools.gnu-arm-embedded.10.3-2021.10.win32_1.0.0.202111181915/tools/bin/../lib/gcc/arm-none-eabi/10.3.1/../../../../arm-none-eabi/lib/thumb/v7e-m+fp/hard\libc_nano.a(lib_a-closer.o)
                0x08012d30                _close_r
 .text.std      0x08012d50       0x48 c:/st/stm32cubeide_1.10.1/stm32cubeide/plugins/com.st.stm32cube.ide.mcu.externaltools.gnu-arm-embedded.10.3-2021.10.win32_1.0.0.202111181915/tools/bin/../lib/gcc/arm-none-eabi/10.3.1/../../../../arm-none-eabi/lib/thumb/v7e-m+fp/hard\libc_nano.a(lib_a-findfp.o)
 .text._cleanup_r
                0x08012d98        0xc c:/st/stm32cubeide_1.10.1/stm32cubeide/plugins/com.st.stm32cube.ide.mcu.externaltools.gnu-arm-embedded.10.3-2021.10.win32_1.0.0.202111181915/tools/bin/../lib/gcc/arm-none-eabi/10.3.1/../../../../arm-none-eabi/lib/thumb/v7e-m+fp/hard\libc_nano.a(lib_a-findfp.o)
                0x08012d98                _cleanup_r
 .text.__sfmoreglue
                0x08012da4       0x2c c:/st/stm32cubeide_1.10.1/stm32cubeide/plugins/com.st.stm32cube.ide.mcu.externaltools.gnu-arm-embedded.10.3-2021.10.win32_1.0.0.202111181915/tools/bin/../lib/gcc/arm-none-eabi/10.3.1/../../../../arm-none-eabi/lib/thumb/v7e-m+fp/hard\libc_nano.a(lib_a-findfp.o)
                0x08012da4                __sfmoreglue
 .text.__sfp_lock_acquire
                0x08012dd0        0xc c:/st/stm32cubeide_1.10.1/stm32cubeide/plugins/com.st.stm32cube.ide.mcu.externaltools.gnu-arm-embedded.10.3-2021.10.win32_1.0.0.202111181915/tools/bin/../lib/gcc/arm-none-eabi/10.3.1/../../../../arm-none-eabi/lib/thumb/v7e-m+fp/hard\libc_nano.a(lib_a-findfp.o)
                0x08012dd0                __sfp_lock_acquire
 .text.__sfp_lock_release
                0x08012ddc        0xc c:/st/stm32cubeide_1.10.1/stm32cubeide/plugins/com.st.stm32cube.ide.mcu.externaltools.gnu-arm-embedded.10.3-2021.10.win32_1.0.0.202111181915/tools/bin/../lib/gcc/arm-none-eabi/10.3.1/../../../../arm-none-eabi/lib/thumb/v7e-m+fp/hard\libc_nano.a(lib_a-findfp.o)
                0x08012ddc                __sfp_lock_release
 .text.__sinit_lock_acquire
                0x08012de8        0xc c:/st/stm32cubeide_1.10.1/stm32cubeide/plugins/com.st.stm32cube.ide.mcu.externaltools.gnu-arm-embedded.10.3-2021.10.win32_1.0.0.202111181915/tools/bin/../lib/gcc/arm-none-eabi/10.3.1/../../../../arm-none-eabi/lib/thumb/v7e-m+fp/hard\libc_nano.a(lib_a-findfp.o)
                0x08012de8                __sinit_lock_acquire
 .text.__sinit_lock_release
                0x08012df4        0xc c:/st/stm32cubeide_1.10.1/stm32cubeide/plugins/com.st.stm32cube.ide.mcu.externaltools.gnu-arm-embedded.10.3-2021.10.win32_1.0.0.202111181915/tools/bin/../lib/gcc/arm-none-eabi/10.3.1/../../../../arm-none-eabi/lib/thumb/v7e-m+fp/hard\libc_nano.a(lib_a-findfp.o)
                0x08012df4                __sinit_lock_release
 .text.__sinit  0x08012e00       0x70 c:/st/stm32cubeide_1.10.1/stm32cubeide/plugins/com.st.stm32cube.ide.mcu.externaltools.gnu-arm-embedded.10.3-2021.10.win32_1.0.0.202111181915/tools/bin/../lib/gcc/arm-none-eabi/10.3.1/../../../../arm-none-eabi/lib/thumb/v7e-m+fp/hard\libc_nano.a(lib_a-findfp.o)
                0x08012e00                __sinit
 .text.__sfp    0x08012e70       0x8c c:/st/stm32cubeide_1.10.1/stm32cubeide/plugins/com.st.stm32cube.ide.mcu.externaltools.gnu-arm-embedded.10.3-2021.10.win32_1.0.0.202111181915/tools/bin/../lib/gcc/arm-none-eabi/10.3.1/../../../../arm-none-eabi/lib/thumb/v7e-m+fp/hard\libc_nano.a(lib_a-findfp.o)
                0x08012e70                __sfp
 .text.fprintf  0x08012efc       0x24 c:/st/stm32cubeide_1.10.1/stm32cubeide/plugins/com.st.stm32cube.ide.mcu.externaltools.gnu-arm-embedded.10.3-2021.10.win32_1.0.0.202111181915/tools/bin/../lib/gcc/arm-none-eabi/10.3.1/../../../../arm-none-eabi/lib/thumb/v7e-m+fp/hard\libc_nano.a(lib_a-fprintf.o)
                0x08012efc                fiprintf
                0x08012efc                fprintf
 .text._fwalk_reent
                0x08012f20       0x3e c:/st/stm32cubeide_1.10.1/stm32cubeide/plugins/com.st.stm32cube.ide.mcu.externaltools.gnu-arm-embedded.10.3-2021.10.win32_1.0.0.202111181915/tools/bin/../lib/gcc/arm-none-eabi/10.3.1/../../../../arm-none-eabi/lib/thumb/v7e-m+fp/hard\libc_nano.a(lib_a-fwalk.o)
                0x08012f20                _fwalk_reent
 .text.__retarget_lock_init_recursive
                0x08012f5e        0x2 c:/st/stm32cubeide_1.10.1/stm32cubeide/plugins/com.st.stm32cube.ide.mcu.externaltools.gnu-arm-embedded.10.3-2021.10.win32_1.0.0.202111181915/tools/bin/../lib/gcc/arm-none-eabi/10.3.1/../../../../arm-none-eabi/lib/thumb/v7e-m+fp/hard\libc_nano.a(lib_a-lock.o)
                0x08012f5e                __retarget_lock_init_recursive
 .text.__retarget_lock_acquire_recursive
                0x08012f60        0x2 c:/st/stm32cubeide_1.10.1/stm32cubeide/plugins/com.st.stm32cube.ide.mcu.externaltools.gnu-arm-embedded.10.3-2021.10.win32_1.0.0.202111181915/tools/bin/../lib/gcc/arm-none-eabi/10.3.1/../../../../arm-none-eabi/lib/thumb/v7e-m+fp/hard\libc_nano.a(lib_a-lock.o)
                0x08012f60                __retarget_lock_acquire_recursive
 .text.__retarget_lock_release_recursive
                0x08012f62        0x2 c:/st/stm32cubeide_1.10.1/stm32cubeide/plugins/com.st.stm32cube.ide.mcu.externaltools.gnu-arm-embedded.10.3-2021.10.win32_1.0.0.202111181915/tools/bin/../lib/gcc/arm-none-eabi/10.3.1/../../../../arm-none-eabi/lib/thumb/v7e-m+fp/hard\libc_nano.a(lib_a-lock.o)
                0x08012f62                __retarget_lock_release_recursive
 .text._lseek_r
                0x08012f64       0x24 c:/st/stm32cubeide_1.10.1/stm32cubeide/plugins/com.st.stm32cube.ide.mcu.externaltools.gnu-arm-embedded.10.3-2021.10.win32_1.0.0.202111181915/tools/bin/../lib/gcc/arm-none-eabi/10.3.1/../../../../arm-none-eabi/lib/thumb/v7e-m+fp/hard\libc_nano.a(lib_a-lseekr.o)
                0x08012f64                _lseek_r
 .text.__malloc_lock
                0x08012f88        0xc c:/st/stm32cubeide_1.10.1/stm32cubeide/plugins/com.st.stm32cube.ide.mcu.externaltools.gnu-arm-embedded.10.3-2021.10.win32_1.0.0.202111181915/tools/bin/../lib/gcc/arm-none-eabi/10.3.1/../../../../arm-none-eabi/lib/thumb/v7e-m+fp/hard\libc_nano.a(lib_a-mlock.o)
                0x08012f88                __malloc_lock
 .text.__malloc_unlock
                0x08012f94        0xc c:/st/stm32cubeide_1.10.1/stm32cubeide/plugins/com.st.stm32cube.ide.mcu.externaltools.gnu-arm-embedded.10.3-2021.10.win32_1.0.0.202111181915/tools/bin/../lib/gcc/arm-none-eabi/10.3.1/../../../../arm-none-eabi/lib/thumb/v7e-m+fp/hard\libc_nano.a(lib_a-mlock.o)
                0x08012f94                __malloc_unlock
 .text.__sfputc_r
                0x08012fa0       0x2e c:/st/stm32cubeide_1.10.1/stm32cubeide/plugins/com.st.stm32cube.ide.mcu.externaltools.gnu-arm-embedded.10.3-2021.10.win32_1.0.0.202111181915/tools/bin/../lib/gcc/arm-none-eabi/10.3.1/../../../../arm-none-eabi/lib/thumb/v7e-m+fp/hard\libc_nano.a(lib_a-nano-vfprintf.o)
 .text.__sfputs_r
                0x08012fce       0x24 c:/st/stm32cubeide_1.10.1/stm32cubeide/plugins/com.st.stm32cube.ide.mcu.externaltools.gnu-arm-embedded.10.3-2021.10.win32_1.0.0.202111181915/tools/bin/../lib/gcc/arm-none-eabi/10.3.1/../../../../arm-none-eabi/lib/thumb/v7e-m+fp/hard\libc_nano.a(lib_a-nano-vfprintf.o)
                0x08012fce                __sfputs_r
 *fill*         0x08012ff2        0x2 
 .text._vfprintf_r
                0x08012ff4      0x260 c:/st/stm32cubeide_1.10.1/stm32cubeide/plugins/com.st.stm32cube.ide.mcu.externaltools.gnu-arm-embedded.10.3-2021.10.win32_1.0.0.202111181915/tools/bin/../lib/gcc/arm-none-eabi/10.3.1/../../../../arm-none-eabi/lib/thumb/v7e-m+fp/hard\libc_nano.a(lib_a-nano-vfprintf.o)
                0x08012ff4                _vfprintf_r
                0x08012ff4                _vfiprintf_r
 .text._printf_common
                0x08013254       0xda c:/st/stm32cubeide_1.10.1/stm32cubeide/plugins/com.st.stm32cube.ide.mcu.externaltools.gnu-arm-embedded.10.3-2021.10.win32_1.0.0.202111181915/tools/bin/../lib/gcc/arm-none-eabi/10.3.1/../../../../arm-none-eabi/lib/thumb/v7e-m+fp/hard\libc_nano.a(lib_a-nano-vfprintf_i.o)
                0x08013254                _printf_common
 *fill*         0x0801332e        0x2 
 .text._printf_i
                0x08013330      0x24c c:/st/stm32cubeide_1.10.1/stm32cubeide/plugins/com.st.stm32cube.ide.mcu.externaltools.gnu-arm-embedded.10.3-2021.10.win32_1.0.0.202111181915/tools/bin/../lib/gcc/arm-none-eabi/10.3.1/../../../../arm-none-eabi/lib/thumb/v7e-m+fp/hard\libc_nano.a(lib_a-nano-vfprintf_i.o)
                0x08013330                _printf_i
 .text._putc_r  0x0801357c       0x90 c:/st/stm32cubeide_1.10.1/stm32cubeide/plugins/com.st.stm32cube.ide.mcu.externaltools.gnu-arm-embedded.10.3-2021.10.win32_1.0.0.202111181915/tools/bin/../lib/gcc/arm-none-eabi/10.3.1/../../../../arm-none-eabi/lib/thumb/v7e-m+fp/hard\libc_nano.a(lib_a-putc.o)
                0x0801357c                _putc_r
 .text._read_r  0x0801360c       0x24 c:/st/stm32cubeide_1.10.1/stm32cubeide/plugins/com.st.stm32cube.ide.mcu.externaltools.gnu-arm-embedded.10.3-2021.10.win32_1.0.0.202111181915/tools/bin/../lib/gcc/arm-none-eabi/10.3.1/../../../../arm-none-eabi/lib/thumb/v7e-m+fp/hard\libc_nano.a(lib_a-readr.o)
                0x0801360c                _read_r
 .text.__swbuf_r
                0x08013630       0xa4 c:/st/stm32cubeide_1.10.1/stm32cubeide/plugins/com.st.stm32cube.ide.mcu.externaltools.gnu-arm-embedded.10.3-2021.10.win32_1.0.0.202111181915/tools/bin/../lib/gcc/arm-none-eabi/10.3.1/../../../../arm-none-eabi/lib/thumb/v7e-m+fp/hard\libc_nano.a(lib_a-wbuf.o)
                0x08013630                __swbuf_r
 .text.__swsetup_r
                0x080136d4       0xdc c:/st/stm32cubeide_1.10.1/stm32cubeide/plugins/com.st.stm32cube.ide.mcu.externaltools.gnu-arm-embedded.10.3-2021.10.win32_1.0.0.202111181915/tools/bin/../lib/gcc/arm-none-eabi/10.3.1/../../../../arm-none-eabi/lib/thumb/v7e-m+fp/hard\libc_nano.a(lib_a-wsetup.o)
                0x080136d4                __swsetup_r
 .text.abort    0x080137b0        0xe c:/st/stm32cubeide_1.10.1/stm32cubeide/plugins/com.st.stm32cube.ide.mcu.externaltools.gnu-arm-embedded.10.3-2021.10.win32_1.0.0.202111181915/tools/bin/../lib/gcc/arm-none-eabi/10.3.1/../../../../arm-none-eabi/lib/thumb/v7e-m+fp/hard\libc_nano.a(lib_a-abort.o)
                0x080137b0                abort
 *fill*         0x080137be        0x2 
 .text.__sflush_r
                0x080137c0      0x10c c:/st/stm32cubeide_1.10.1/stm32cubeide/plugins/com.st.stm32cube.ide.mcu.externaltools.gnu-arm-embedded.10.3-2021.10.win32_1.0.0.202111181915/tools/bin/../lib/gcc/arm-none-eabi/10.3.1/../../../../arm-none-eabi/lib/thumb/v7e-m+fp/hard\libc_nano.a(lib_a-fflush.o)
                0x080137c0                __sflush_r
 .text._fflush_r
                0x080138cc       0x78 c:/st/stm32cubeide_1.10.1/stm32cubeide/plugins/com.st.stm32cube.ide.mcu.externaltools.gnu-arm-embedded.10.3-2021.10.win32_1.0.0.202111181915/tools/bin/../lib/gcc/arm-none-eabi/10.3.1/../../../../arm-none-eabi/lib/thumb/v7e-m+fp/hard\libc_nano.a(lib_a-fflush.o)
                0x080138cc                _fflush_r
 .text.__swhatbuf_r
                0x08013944       0x4a c:/st/stm32cubeide_1.10.1/stm32cubeide/plugins/com.st.stm32cube.ide.mcu.externaltools.gnu-arm-embedded.10.3-2021.10.win32_1.0.0.202111181915/tools/bin/../lib/gcc/arm-none-eabi/10.3.1/../../../../arm-none-eabi/lib/thumb/v7e-m+fp/hard\libc_nano.a(lib_a-makebuf.o)
                0x08013944                __swhatbuf_r
 *fill*         0x0801398e        0x2 
 .text.__smakebuf_r
                0x08013990       0x80 c:/st/stm32cubeide_1.10.1/stm32cubeide/plugins/com.st.stm32cube.ide.mcu.externaltools.gnu-arm-embedded.10.3-2021.10.win32_1.0.0.202111181915/tools/bin/../lib/gcc/arm-none-eabi/10.3.1/../../../../arm-none-eabi/lib/thumb/v7e-m+fp/hard\libc_nano.a(lib_a-makebuf.o)
                0x08013990                __smakebuf_r
 .text._raise_r
                0x08013a10       0x50 c:/st/stm32cubeide_1.10.1/stm32cubeide/plugins/com.st.stm32cube.ide.mcu.externaltools.gnu-arm-embedded.10.3-2021.10.win32_1.0.0.202111181915/tools/bin/../lib/gcc/arm-none-eabi/10.3.1/../../../../arm-none-eabi/lib/thumb/v7e-m+fp/hard\libc_nano.a(lib_a-signal.o)
                0x08013a10                _raise_r
 .text.raise    0x08013a60       0x10 c:/st/stm32cubeide_1.10.1/stm32cubeide/plugins/com.st.stm32cube.ide.mcu.externaltools.gnu-arm-embedded.10.3-2021.10.win32_1.0.0.202111181915/tools/bin/../lib/gcc/arm-none-eabi/10.3.1/../../../../arm-none-eabi/lib/thumb/v7e-m+fp/hard\libc_nano.a(lib_a-signal.o)
                0x08013a60                raise
 .text._kill_r  0x08013a70       0x24 c:/st/stm32cubeide_1.10.1/stm32cubeide/plugins/com.st.stm32cube.ide.mcu.externaltools.gnu-arm-embedded.10.3-2021.10.win32_1.0.0.202111181915/tools/bin/../lib/gcc/arm-none-eabi/10.3.1/../../../../arm-none-eabi/lib/thumb/v7e-m+fp/hard\libc_nano.a(lib_a-signalr.o)
                0x08013a70                _kill_r
 .text._getpid_r
                0x08013a94        0x4 c:/st/stm32cubeide_1.10.1/stm32cubeide/plugins/com.st.stm32cube.ide.mcu.externaltools.gnu-arm-embedded.10.3-2021.10.win32_1.0.0.202111181915/tools/bin/../lib/gcc/arm-none-eabi/10.3.1/../../../../arm-none-eabi/lib/thumb/v7e-m+fp/hard\libc_nano.a(lib_a-signalr.o)
                0x08013a94                _getpid_r
 .text._fstat_r
                0x08013a98       0x24 c:/st/stm32cubeide_1.10.1/stm32cubeide/plugins/com.st.stm32cube.ide.mcu.externaltools.gnu-arm-embedded.10.3-2021.10.win32_1.0.0.202111181915/tools/bin/../lib/gcc/arm-none-eabi/10.3.1/../../../../arm-none-eabi/lib/thumb/v7e-m+fp/hard\libc_nano.a(lib_a-fstatr.o)
                0x08013a98                _fstat_r
 .text._isatty_r
                0x08013abc       0x20 c:/st/stm32cubeide_1.10.1/stm32cubeide/plugins/com.st.stm32cube.ide.mcu.externaltools.gnu-arm-embedded.10.3-2021.10.win32_1.0.0.202111181915/tools/bin/../lib/gcc/arm-none-eabi/10.3.1/../../../../arm-none-eabi/lib/thumb/v7e-m+fp/hard\libc_nano.a(lib_a-isattyr.o)
                0x08013abc                _isatty_r
 *(.glue_7)
 .glue_7        0x08013adc        0x0 linker stubs
 *(.glue_7t)
 .glue_7t       0x08013adc        0x0 linker stubs
 *(.eh_frame)
 .eh_frame      0x08013adc        0x0 c:/st/stm32cubeide_1.10.1/stm32cubeide/plugins/com.st.stm32cube.ide.mcu.externaltools.gnu-arm-embedded.10.3-2021.10.win32_1.0.0.202111181915/tools/bin/../lib/gcc/arm-none-eabi/10.3.1/thumb/v7e-m+fp/hard/crtbegin.o
 *(.init)
 .init          0x08013adc        0x4 c:/st/stm32cubeide_1.10.1/stm32cubeide/plugins/com.st.stm32cube.ide.mcu.externaltools.gnu-arm-embedded.10.3-2021.10.win32_1.0.0.202111181915/tools/bin/../lib/gcc/arm-none-eabi/10.3.1/thumb/v7e-m+fp/hard/crti.o
                0x08013adc                _init
 .init          0x08013ae0        0x8 c:/st/stm32cubeide_1.10.1/stm32cubeide/plugins/com.st.stm32cube.ide.mcu.externaltools.gnu-arm-embedded.10.3-2021.10.win32_1.0.0.202111181915/tools/bin/../lib/gcc/arm-none-eabi/10.3.1/thumb/v7e-m+fp/hard/crtn.o
 *(.fini)
 .fini          0x08013ae8        0x4 c:/st/stm32cubeide_1.10.1/stm32cubeide/plugins/com.st.stm32cube.ide.mcu.externaltools.gnu-arm-embedded.10.3-2021.10.win32_1.0.0.202111181915/tools/bin/../lib/gcc/arm-none-eabi/10.3.1/thumb/v7e-m+fp/hard/crti.o
                0x08013ae8                _fini
 .fini          0x08013aec        0x8 c:/st/stm32cubeide_1.10.1/stm32cubeide/plugins/com.st.stm32cube.ide.mcu.externaltools.gnu-arm-embedded.10.3-2021.10.win32_1.0.0.202111181915/tools/bin/../lib/gcc/arm-none-eabi/10.3.1/thumb/v7e-m+fp/hard/crtn.o
                0x08013af4                . = ALIGN (0x4)
                0x08013af4                _etext = .

.vfp11_veneer   0x08013af4        0x0
 .vfp11_veneer  0x08013af4        0x0 linker stubs

.v4_bx          0x08013af4        0x0
 .v4_bx         0x08013af4        0x0 linker stubs

.iplt           0x08013af4        0x0
 .iplt          0x08013af4        0x0 c:/st/stm32cubeide_1.10.1/stm32cubeide/plugins/com.st.stm32cube.ide.mcu.externaltools.gnu-arm-embedded.10.3-2021.10.win32_1.0.0.202111181915/tools/bin/../lib/gcc/arm-none-eabi/10.3.1/thumb/v7e-m+fp/hard/crtbegin.o

.rodata         0x08013af8     0xa304
                0x08013af8                . = ALIGN (0x4)
 *(.rodata)
 .rodata        0x08013af8       0x2c ./Core/Src/main.o
 .rodata        0x08013b24     0x1891 ./Core/Src/mongoose.o
 *fill*         0x080153b5        0x3 
 .rodata        0x080153b8      0x254 ./Core/Src/net.o
 .rodata        0x0801560c       0x6b ./Core/Src/packed_fs.o
 *(.rodata*)
 *fill*         0x08015677        0x1 
 .rodata.__func__.36
                0x08015678        0x7 ./Core/Src/mongoose.o
 *fill*         0x0801567f        0x1 
 .rodata.__func__.35
                0x08015680        0xd ./Core/Src/mongoose.o
 *fill*         0x0801568d        0x3 
 .rodata.__func__.34
                0x08015690        0x9 ./Core/Src/mongoose.o
 *fill*         0x08015699        0x3 
 .rodata.__func__.32
                0x0801569c       0x13 ./Core/Src/mongoose.o
 *fill*         0x080156af        0x1 
 .rodata.__func__.31
                0x080156b0        0xe ./Core/Src/mongoose.o
 *fill*         0x080156be        0x2 
 .rodata.__func__.30
                0x080156c0        0xd ./Core/Src/mongoose.o
 *fill*         0x080156cd        0x3 
 .rodata.__func__.28
                0x080156d0       0x10 ./Core/Src/mongoose.o
 .rodata.__func__.27
                0x080156e0        0xb ./Core/Src/mongoose.o
 *fill*         0x080156eb        0x1 
 .rodata.__func__.26
                0x080156ec        0xc ./Core/Src/mongoose.o
 .rodata.__func__.25
                0x080156f8        0x8 ./Core/Src/mongoose.o
 .rodata.__func__.24
                0x08015700        0xe ./Core/Src/mongoose.o
 *fill*         0x0801570e        0x2 
 .rodata.__func__.23
                0x08015710        0xb ./Core/Src/mongoose.o
 *fill*         0x0801571b        0x1 
 .rodata.__func__.22
                0x0801571c        0xa ./Core/Src/mongoose.o
 *fill*         0x08015726        0x2 
 .rodata.__func__.20
                0x08015728        0xe ./Core/Src/mongoose.o
 *fill*         0x08015736        0x2 
 .rodata.__func__.19
                0x08015738        0x8 ./Core/Src/mongoose.o
 .rodata.__func__.18
                0x08015740       0x10 ./Core/Src/mongoose.o
 .rodata.__func__.17
                0x08015750        0xb ./Core/Src/mongoose.o
 *fill*         0x0801575b        0x1 
 .rodata.__func__.16
                0x0801575c        0x9 ./Core/Src/mongoose.o
 *fill*         0x08015765        0x3 
 .rodata.__func__.15
                0x08015768        0xd ./Core/Src/mongoose.o
 *fill*         0x08015775        0x3 
 .rodata.__func__.14
                0x08015778       0x14 ./Core/Src/mongoose.o
 .rodata.__func__.13
                0x0801578c        0xe ./Core/Src/mongoose.o
 *fill*         0x0801579a        0x2 
 .rodata.__func__.12
                0x0801579c        0xe ./Core/Src/mongoose.o
 *fill*         0x080157aa        0x2 
 .rodata.__func__.11
                0x080157ac       0x11 ./Core/Src/mongoose.o
 *fill*         0x080157bd        0x3 
 .rodata.__func__.10
                0x080157c0        0x7 ./Core/Src/mongoose.o
 *fill*         0x080157c7        0x1 
 .rodata.__func__.9
                0x080157c8        0xc ./Core/Src/mongoose.o
 .rodata.__func__.8
                0x080157d4        0x9 ./Core/Src/mongoose.o
 *fill*         0x080157dd        0x3 
 .rodata.__func__.6
                0x080157e0        0xa ./Core/Src/mongoose.o
 *fill*         0x080157ea        0x2 
 .rodata.__func__.5
                0x080157ec        0x7 ./Core/Src/mongoose.o
 *fill*         0x080157f3        0x1 
 .rodata.__func__.4
                0x080157f4        0x9 ./Core/Src/mongoose.o
 *fill*         0x080157fd        0x3 
 .rodata.__func__.3
                0x08015800        0x6 ./Core/Src/mongoose.o
 *fill*         0x08015806        0x2 
 .rodata.__func__.2
                0x08015808        0x9 ./Core/Src/mongoose.o
 *fill*         0x08015811        0x3 
 .rodata.__func__.0
                0x08015814       0x14 ./Core/Src/mongoose.o
 .rodata.__func__.1
                0x08015828        0x8 ./Core/Src/net.o
 .rodata.__func__.0
                0x08015830       0x14 ./Core/Src/net.o
 .rodata.v1     0x08015844      0x176 ./Core/Src/packed_fs.o
 *fill*         0x080159ba        0x2 
 .rodata.v2     0x080159bc     0x3762 ./Core/Src/packed_fs.o
 *fill*         0x0801911e        0x2 
 .rodata.v3     0x08019120     0x338b ./Core/Src/packed_fs.o
 *fill*         0x0801c4ab        0x1 
 .rodata.v4     0x0801c4ac      0x728 ./Core/Src/packed_fs.o
 .rodata.v5     0x0801cbd4      0xf11 ./Core/Src/packed_fs.o
 *fill*         0x0801dae5        0x3 
 .rodata.packed_files
                0x0801dae8       0x90 ./Core/Src/packed_fs.o
 .rodata.AHBPrescTable
                0x0801db78       0x10 ./Core/Src/system_stm32f7xx.o
                0x0801db78                AHBPrescTable
 .rodata.APBPrescTable
                0x0801db88        0x8 ./Core/Src/system_stm32f7xx.o
                0x0801db88                APBPrescTable
 .rodata._global_impure_ptr
                0x0801db90        0x4 c:/st/stm32cubeide_1.10.1/stm32cubeide/plugins/com.st.stm32cube.ide.mcu.externaltools.gnu-arm-embedded.10.3-2021.10.win32_1.0.0.202111181915/tools/bin/../lib/gcc/arm-none-eabi/10.3.1/../../../../arm-none-eabi/lib/thumb/v7e-m+fp/hard\libc_nano.a(lib_a-impure.o)
                0x0801db90                _global_impure_ptr
 .rodata.srand.str1.1
                0x0801db94       0x95 c:/st/stm32cubeide_1.10.1/stm32cubeide/plugins/com.st.stm32cube.ide.mcu.externaltools.gnu-arm-embedded.10.3-2021.10.win32_1.0.0.202111181915/tools/bin/../lib/gcc/arm-none-eabi/10.3.1/../../../../arm-none-eabi/lib/thumb/v7e-m+fp/hard\libc_nano.a(lib_a-rand.o)
 .rodata.__assert_func.str1.1
                0x0801dc29       0x3c c:/st/stm32cubeide_1.10.1/stm32cubeide/plugins/com.st.stm32cube.ide.mcu.externaltools.gnu-arm-embedded.10.3-2021.10.win32_1.0.0.202111181915/tools/bin/../lib/gcc/arm-none-eabi/10.3.1/../../../../arm-none-eabi/lib/thumb/v7e-m+fp/hard\libc_nano.a(lib_a-assert.o)
                                 0x3d (size before relaxing)
 .rodata._ctype_
                0x0801dc65      0x101 c:/st/stm32cubeide_1.10.1/stm32cubeide/plugins/com.st.stm32cube.ide.mcu.externaltools.gnu-arm-embedded.10.3-2021.10.win32_1.0.0.202111181915/tools/bin/../lib/gcc/arm-none-eabi/10.3.1/../../../../arm-none-eabi/lib/thumb/v7e-m+fp/hard\libc_nano.a(lib_a-ctype_.o)
                0x0801dc65                _ctype_
 *fill*         0x0801dd66        0x2 
 .rodata.__sf_fake_stderr
                0x0801dd68       0x20 c:/st/stm32cubeide_1.10.1/stm32cubeide/plugins/com.st.stm32cube.ide.mcu.externaltools.gnu-arm-embedded.10.3-2021.10.win32_1.0.0.202111181915/tools/bin/../lib/gcc/arm-none-eabi/10.3.1/../../../../arm-none-eabi/lib/thumb/v7e-m+fp/hard\libc_nano.a(lib_a-findfp.o)
                0x0801dd68                __sf_fake_stderr
 .rodata.__sf_fake_stdin
                0x0801dd88       0x20 c:/st/stm32cubeide_1.10.1/stm32cubeide/plugins/com.st.stm32cube.ide.mcu.externaltools.gnu-arm-embedded.10.3-2021.10.win32_1.0.0.202111181915/tools/bin/../lib/gcc/arm-none-eabi/10.3.1/../../../../arm-none-eabi/lib/thumb/v7e-m+fp/hard\libc_nano.a(lib_a-findfp.o)
                0x0801dd88                __sf_fake_stdin
 .rodata.__sf_fake_stdout
                0x0801dda8       0x20 c:/st/stm32cubeide_1.10.1/stm32cubeide/plugins/com.st.stm32cube.ide.mcu.externaltools.gnu-arm-embedded.10.3-2021.10.win32_1.0.0.202111181915/tools/bin/../lib/gcc/arm-none-eabi/10.3.1/../../../../arm-none-eabi/lib/thumb/v7e-m+fp/hard\libc_nano.a(lib_a-findfp.o)
                0x0801dda8                __sf_fake_stdout
 .rodata._vfprintf_r.str1.1
                0x0801ddc8       0x11 c:/st/stm32cubeide_1.10.1/stm32cubeide/plugins/com.st.stm32cube.ide.mcu.externaltools.gnu-arm-embedded.10.3-2021.10.win32_1.0.0.202111181915/tools/bin/../lib/gcc/arm-none-eabi/10.3.1/../../../../arm-none-eabi/lib/thumb/v7e-m+fp/hard\libc_nano.a(lib_a-nano-vfprintf.o)
 .rodata._printf_i.str1.1
                0x0801ddd9       0x22 c:/st/stm32cubeide_1.10.1/stm32cubeide/plugins/com.st.stm32cube.ide.mcu.externaltools.gnu-arm-embedded.10.3-2021.10.win32_1.0.0.202111181915/tools/bin/../lib/gcc/arm-none-eabi/10.3.1/../../../../arm-none-eabi/lib/thumb/v7e-m+fp/hard\libc_nano.a(lib_a-nano-vfprintf_i.o)
                0x0801ddfc                . = ALIGN (0x4)
 *fill*         0x0801ddfb        0x1 

.ARM.extab      0x0801ddfc        0x0
                0x0801ddfc                . = ALIGN (0x4)
 *(.ARM.extab* .gnu.linkonce.armextab.*)
                0x0801ddfc                . = ALIGN (0x4)

.ARM            0x0801ddfc        0x8
                0x0801ddfc                . = ALIGN (0x4)
                0x0801ddfc                __exidx_start = .
 *(.ARM.exidx*)